 num     #instances         #bytes  class name (module)
-------------------------------------------------------
   1:        157655       40022288  [B (java.base@9)
   2:         12589        5035016  [I (java.base@9)
   3:         27381        2880216  [C (java.base@9)
   4:         60780        1458720  java.lang.String (java.base@9)
   5:         17524         934104  [Ljava.lang.Object; (java.base@9)
   6:          4640         559888  java.lang.Class (java.base@9)
   7:         14230         455360  java.util.HashMap$Node (java.base@9)
   8:          6405         358680  jdk.internal.org.objectweb.asm.Item (java.base@9)
   9:          8282         331280  java.lang.ref.Finalizer (java.base@9)
  10:          6575         315600  java.util.zip.Inflater (java.base@9)
  11:          9595         307040  java.util.concurrent.ConcurrentHashMap$Node (java.base@9)
  12:          4555         291520  java.nio.DirectByteBufferR (java.base@9)
  13:          3190         280720  java.lang.reflect.Method (java.base@9)
  14:          1017         264880  [Z (java.base@9)
  15:          2200         246152  [Ljava.util.HashMap$Node; (java.base@9)
  16:          9218         227432  [Ljava.lang.Class; (java.base@9)
  17:          4851         194040  java.lang.ref.SoftReference (java.base@9)
  18:          4373         174920  java.util.LinkedHashMap$Entry (java.base@9)
  19:          2147         172472  [J (java.base@9)
  20:          6575         157800  java.util.zip.ZStreamRef (java.base@9)
  21:          6562         157488  java.lang.StringBuilder (java.base@9)
  22:          1925         154000  java.util.regex.Pattern (java.base@9)
  23:           230         148960  [Ljdk.internal.org.objectweb.asm.Item; (java.base@9)
  24:          1828         141600  [S (java.base@9)
  25:          3511         140440  java.lang.invoke.MethodType (java.base@9)
  26:          1937         139464  java.util.regex.Matcher (java.base@9)
  27:          4200         134400  java.lang.invoke.LambdaForm$Name (java.base@9)
  28:          5168         124032  java.util.ArrayList (java.base@9)
  29:           256         119408  [Ljava.util.concurrent.ConcurrentHashMap$Node; (java.base@9)
  30:          3569         114208  java.lang.invoke.MethodType$ConcurrentWeakInternSet$WeakEntry (java.base@9)
  31:          1924         107744  [Ljava.util.regex.Pattern$GroupHead; (java.base@9)
  32:          2597         103880  java.util.TreeMap$Entry (java.base@9)
  33:          1354          86656  java.net.URL (java.base@9)
  34:          2391          86544  [Ljava.lang.String; (java.base@9)
  35:          1165          83880  java.lang.reflect.Field (java.base@9)
  36:          1478          82768  java.lang.invoke.MemberName (java.base@9)
  37:          2482          79424  java.util.ArrayList$Itr (java.base@9)
  38:          1503          72144  java.util.HashMap (java.base@9)
  39:           140          64832  [Ljava.util.WeakHashMap$Entry; (java.base@9)
  40:           879          62224  [Ljava.lang.invoke.LambdaForm$Name; (java.base@9)
  41:          3834          61344  java.lang.Object (java.base@9)
  42:           874          48944  java.util.LinkedHashMap (java.base@9)
  43:          1007          48336  sun.util.locale.LocaleObjectCache$CacheEntry (java.base@9)
  44:          1454          46528  java.util.Hashtable$Entry (java.base@9)
  45:           581          46480  java.lang.reflect.Constructor (java.base@9)
  46:          1933          46392  java.util.regex.Pattern$BmpCharProperty (java.base@9)
  47:           198          44352  jdk.internal.org.objectweb.asm.MethodWriter (java.base@9)
  48:           728          40768  java.util.zip.ZipFile$ZipFileInflaterInputStream (java.base@9)
  49:           419          40224  java.util.jar.JarFile$JarFileEntry (java.base@9)
  50:           993          39720  sun.util.locale.BaseLocale$Key (java.base@9)
  51:           769          36912  java.util.TreeMap (java.base@9)
  52:           728          34944  java.util.zip.ZipFile$ZipFileInputStream (java.base@9)
  53:           607          33992  java.lang.invoke.LambdaFormEditor$Transform (java.base@9)
  54:          1341          32184  java.util.jar.Attributes$Name (java.base@9)
  55:          1937          30992  [Ljava.util.regex.IntHashSet; (java.base@9)
  56:          1214          29136  java.lang.reflect.ProxyGenerator$ConstantPool$IndirectEntry (java.base@9)
  57:           332          26560  java.util.zip.ZipEntry (java.base@9)
  58:           391          25384  [Ljava.lang.reflect.Method; (java.base@9)
  59:           438          24528  java.lang.Class$ReflectionData (java.base@9)
  60:           382          24448  [Ljava.lang.ref.SoftReference; (java.base@9)
  61:           991          23784  java.util.Locale$LocaleKey (java.base@9)
  62:           371          23744  java.util.concurrent.ConcurrentHashMap (java.base@9)
  63:           152          23392  [Ljava.util.Hashtable$Entry; (java.base@9)
  64:           967          23208  java.util.regex.Pattern$BmpCharPropertyGreedy (java.base@9)
  65:           966          23184  java.util.regex.Pattern$BitClass (java.base@9)
  66:           962          23088  java.util.regex.Pattern$Dollar (java.base@9)
  67:           962          23088  java.util.regex.Pattern$Start (java.base@9)
  68:           961          23064  java.util.regex.Pattern$CharProperty (java.base@9)
  69:           961          23064  java.util.regex.Pattern$CharPropertyGreedy (java.base@9)
  70:           961          23064  java.util.regex.Pattern$TreeInfo (java.base@9)
  71:           136          22848  jdk.internal.org.objectweb.asm.ClassWriter (java.base@9)
  72:           406          22736  java.util.stream.ReferencePipeline$Head (java.base@9)
  73:           538          21520  java.security.CodeSource (java.base@9)
  74:           659          21088  java.lang.ref.WeakReference (java.base@9)
  75:           365          20440  java.lang.invoke.LambdaForm (java.base@9)
  76:           838          20112  java.io.ObjectInputStream$FieldValues (java.base@9)
  77:           626          20032  java.io.File (java.base@9)
  78:           489          19560  sun.util.locale.InternalLocaleBuilder (java.base@9)
  79:           489          19560  sun.util.locale.LanguageTag (java.base@9)
  80:           489          19560  sun.util.locale.StringTokenIterator (java.base@9)
  81:           483          19320  java.util.WeakHashMap$Entry (java.base@9)
  82:           794          19056  jdk.internal.org.objectweb.asm.ByteVector (java.base@9)
  83:           292          18688  jdk.internal.org.objectweb.asm.Label (java.base@9)
  84:           324          18144  jdk.internal.org.objectweb.asm.AnnotationWriter (java.base@9)
  85:           746          17904  sun.jvmstat.perfdata.monitor.AliasFileParser$Token (jdk.internal.jvmstat@9)
  86:           744          17856  java.util.concurrent.ConcurrentHashMap$MapEntry (java.base@9)
  87:           680          16320  java.lang.PublicMethods$Key (java.base@9)
  88:           504          16128  java.util.Locale (java.base@9)
  89:           503          16096  sun.util.locale.BaseLocale (java.base@9)
  90:           670          16080  java.lang.PublicMethods$MethodList (java.base@9)
  91:           650          15600  java.lang.module.ModuleDescriptor$Exports (java.base@9)
  92:           966          15456  java.util.regex.Pattern$$Lambda$29/1239759990 (java.base@9)
  93:           966          15456  java.util.regex.Pattern$BitClass$$Lambda$28/953742666 (java.base@9)
  94:           964          15424  java.util.regex.Pattern$$Lambda$1/1632392469 (java.base@9)
  95:           962          15392  java.util.regex.Pattern$Begin (java.base@9)
  96:           236          15104  org.eclipse.jetty.io.BufferCache$CachedBuffer
  97:           262          14672  java.lang.invoke.MethodTypeForm (java.base@9)
  98:           361          14440  org.eclipse.jetty.util.StringMap$Node
  99:           591          14184  java.lang.invoke.LambdaForm$NamedFunction (java.base@9)
 100:           349          13960  java.io.ObjectStreamField (java.base@9)
 101:           337          13480  java.lang.ClassNotFoundException (java.base@9)
 102:           128          13312  java.io.ObjectStreamClass (java.base@9)
 103:           321          12840  java.util.StringJoiner (java.base@9)
 104:           401          12832  java.util.TreeMap$ValueIterator (java.base@9)
 105:           395          12640  java.util.TreeMap$KeyIterator (java.base@9)
 106:           314          12560  java.lang.invoke.DirectMethodHandle$Accessor (java.base@9)
 107:           489          11736  sun.util.locale.ParseStatus (java.base@9)
 108:           205          11480  java.nio.DirectLongBufferU (java.base@9)
 109:           141          11280  java.net.URI (java.base@9)
 110:           341          10912  java.lang.module.ModuleDescriptor$Requires (java.base@9)
 111:           341          10912  jdk.internal.math.FDBigInteger (java.base@9)
 112:           446          10704  java.lang.Long (java.base@9)
 113:           121          10648  [Lorg.eclipse.jetty.util.StringMap$Node;
 114:           437          10488  java.security.SecureClassLoader$1 (java.base@9)
 115:           646          10336  java.util.HashSet (java.base@9)
 116:           319          10208  jdk.internal.loader.URLClassPath$JarLoader$2 (java.base@9)
 117:           246           9840  org.eclipse.jetty.xml.XmlParser$Node
 118:           149           9536  java.util.stream.ReferencePipeline$2 (java.base@9)
 119:           394           9456  javax.management.ImmutableDescriptor (java.management@9)
 120:           188           9024  jdk.internal.org.objectweb.asm.Frame (java.base@9)
 121:           547           8752  java.util.jar.Attributes (java.base@9)
 122:           135           8640  java.util.stream.ReferencePipeline$3 (java.base@9)
 123:           153           8568  java.util.concurrent.ConcurrentHashMap$ValueIterator (java.base@9)
 124:           265           8480  java.util.TreeMap$EntryIterator (java.base@9)
 125:           256           8192  java.lang.invoke.DirectMethodHandle (java.base@9)
 126:           141           7896  org.eclipse.jetty.io.ByteArrayBuffer
 127:           196           7840  java.util.HashMap$EntryIterator (java.base@9)
 128:           315           7696  [Ljavax.management.Descriptor; (java.management@9)
 129:           187           7480  sun.jvmstat.perfdata.monitor.PerfLongMonitor (jdk.internal.jvmstat@9)
 130:           467           7472  java.security.SecureClassLoader$CodeSourceKey (java.base@9)
 131:           139           7232  [Ljava.lang.invoke.MethodHandle; (java.base@9)
 132:            21           7184  [Ljava.io.ObjectInputStream$HandleTable$HandleList; (java.base@9)
 133:           218           6976  jdk.internal.org.objectweb.asm.Type (java.base@9)
 134:           199           6960  [Ljavax.management.ObjectName$Property; (java.management@9)
 135:           281           6744  java.net.URLClassLoader$1 (java.base@9)
 136:           105           6720  sun.nio.fs.WindowsFileAttributes (java.base@9)
 137:           205           6560  java.lang.invoke.BoundMethodHandle$Species_L (java.base@9)
 138:           119           6520  [Ljava.lang.reflect.Field; (java.base@9)
 139:           407           6512  java.util.TreeMap$Values (java.base@9)
 140:           405           6480  jdk.internal.reflect.ConstantPool (java.base@9)
 141:           161           6440  sun.nio.fs.WindowsPath (java.base@9)
 142:            17           6392  java.lang.Thread (java.base@9)
 143:            99           6336  java.lang.module.ModuleDescriptor (java.base@9)
 144:           264           6336  java.util.ImmutableCollections$SetN (java.base@9)
 145:           198           6336  org.apache.logging.log4j.core.config.plugins.processor.PluginEntry
 146:           113           6328  java.beans.MethodDescriptor (java.desktop@9)
 147:           395           6320  java.util.TreeMap$KeySet (java.base@9)
 148:           265           6304  [Ljava.lang.reflect.Constructor; (java.base@9)
 149:           112           6272  java.lang.Module (java.base@9)
 150:           126           6048  java.util.WeakHashMap (java.base@9)
 151:           377           6032  java.lang.invoke.LambdaFormEditor (java.base@9)
 152:           149           5960  java.lang.NoSuchMethodException (java.base@9)
 153:           144           5760  java.io.FileDescriptor (java.base@9)
 154:           120           5760  java.util.Hashtable (java.base@9)
 155:           232           5568  java.security.Provider$ServiceKey (java.base@9)
 156:           139           5560  java.lang.invoke.BoundMethodHandle$Species_LL (java.base@9)
 157:            98           5488  jdk.internal.module.ModuleReferenceImpl (java.base@9)
 158:           135           5400  java.util.HashMap$KeyIterator (java.base@9)
 159:           336           5376  java.lang.reflect.ProxyGenerator$ConstantPool$ValueEntry (java.base@9)
 160:           332           5312  java.lang.Byte (java.base@9)
 161:            94           5264  java.lang.invoke.InvokerBytecodeGenerator (java.base@9)
 162:           222           5184  [Ljavax.management.MBeanParameterInfo; (java.management@9)
 163:           162           5184  java.lang.ref.ReferenceQueue (java.base@9)
 164:           319           5104  sun.net.www.ParseUtil (java.base@9)
 165:            90           5040  sun.nio.cs.UTF_8$Encoder (java.base@9)
 166:           210           5040  sun.reflect.generics.tree.SimpleClassTypeSignature (java.base@9)
 167:           154           4928  java.lang.Package (java.base@9)
 168:           153           4896  sun.security.util.ObjectIdentifier (java.base@9)
 169:           305           4880  java.lang.Integer (java.base@9)
 170:           151           4832  java.util.Spliterators$ArraySpliterator (java.base@9)
 171:           104           4808  [Ljavax.management.MBeanAttributeInfo; (java.management@9)
 172:           120           4800  java.util.Spliterators$IteratorSpliterator (java.base@9)
 173:           100           4800  jdk.internal.ref.CleanerImpl$PhantomCleanableRef (java.base@9)
 174:            85           4760  java.security.Provider$Service (java.base@9)
 175:           198           4752  org.apache.logging.log4j.core.config.plugins.util.PluginType
 176:           148           4736  com.sun.jmx.mbeanserver.ConvertingMethod (java.management@9)
 177:           193           4632  jdk.internal.module.ServicesCatalog$ServiceProvider (java.base@9)
 178:           191           4584  [Ljava.io.ObjectInputStream$FieldValues; (java.base@9)
 179:            94           4512  java.nio.HeapByteBuffer (java.base@9)
 180:           138           4416  java.util.concurrent.locks.ReentrantLock$NonfairSync (java.base@9)
 181:            61           4392  java.util.jar.JarFile (java.base@9)
 182:            42           4368  java.lang.invoke.InnerClassLambdaMetafactory (java.base@9)
 183:           271           4336  java.util.TreeMap$EntrySet (java.base@9)
 184:           180           4320  jdk.internal.reflect.NativeConstructorAccessorImpl (java.base@9)
 185:           179           4296  java.beans.MethodRef (java.desktop@9)
 186:            89           4272  java.lang.invoke.LambdaFormBuffer (java.base@9)
 187:           178           4272  sun.reflect.generics.visitor.Reifier (java.base@9)
 188:           105           4200  java.math.BigInteger (java.base@9)
 189:           258           4128  java.lang.Short (java.base@9)
 190:           171           4104  sun.reflect.generics.factory.CoreReflectionFactory (java.base@9)
 191:           169           4056  sun.reflect.generics.parser.SignatureParser (java.base@9)
 192:           239           3984  [Lsun.reflect.generics.tree.TypeArgument; (java.base@9)
 193:           165           3960  java.util.Arrays$ArrayList (java.base@9)
 194:           242           3928  [Lorg.eclipse.jetty.xml.XmlParser$Attribute;
 195:            10           3920  org.quartz.simpl.SimpleThreadPool$WorkerThread
 196:           172           3904  [Ljava.lang.reflect.Type; (java.base@9)
 197:            61           3904  java.util.zip.ZipFile$Source (java.base@9)
 198:           162           3888  java.util.stream.ForEachOps$ForEachOp$OfRef (java.base@9)
 199:            53           3816  java.text.DecimalFormatSymbols (java.base@9)
 200:           116           3712  java.util.LinkedHashMap$LinkedEntryIterator (java.base@9)
 201:            92           3680  java.lang.Package$VersionInfo (java.base@9)
 202:           152           3648  sun.reflect.generics.scope.ClassScope (java.base@9)
 203:            38           3648  sun.util.calendar.Gregorian$Date (java.base@9)
 204:            56           3584  java.nio.DirectByteBuffer (java.base@9)
 205:           149           3576  java.util.stream.ReferencePipeline$2$1 (java.base@9)
 206:            94           3544  [Ljdk.internal.org.objectweb.asm.Type; (java.base@9)
 207:           147           3528  java.util.concurrent.CopyOnWriteArrayList (java.base@9)
 208:           144           3456  java.io.SerialCallbackContext (java.base@9)
 209:            24           3456  java.text.DecimalFormat (java.base@9)
 210:           216           3456  java.util.ImmutableCollections$Set1 (java.base@9)
 211:           209           3344  sun.reflect.generics.tree.ClassTypeSignature (java.base@9)
 212:            23           3312  jdk.internal.reflect.MethodAccessorGenerator (java.base@9)
 213:            72           3264  [Ljava.security.ProtectionDomain; (java.base@9)
 214:           204           3264  java.util.Collections$UnmodifiableSet (java.base@9)
 215:            29           3248  java.util.GregorianCalendar (java.base@9)
 216:           135           3240  java.util.stream.ReferencePipeline$3$1 (java.base@9)
 217:           134           3216  java.lang.invoke.MethodHandles$Lookup (java.base@9)
 218:            50           3200  java.util.stream.ReferencePipeline$7 (java.base@9)
 219:           159           3176  [Lcom.sun.jmx.mbeanserver.MXBeanMapping; (java.management@9)
 220:            99           3152  [Ljava.security.cert.Certificate; (java.base@9)
 221:            49           3136  javax.management.openmbean.OpenMBeanAttributeInfoSupport (java.management@9)
 222:            39           3096  [Ljava.lang.Integer; (java.base@9)
 223:           129           3096  jdk.internal.loader.AbstractClassLoaderValue$Sub (java.base@9)
 224:            77           3080  javax.management.MBeanOperationInfo (java.management@9)
 225:           128           3072  java.util.concurrent.ConcurrentHashMap$Segment (java.base@9)
 226:            64           3072  javax.management.MBeanInfo (java.management@9)
 227:           179           3048  [Ljava.lang.reflect.TypeVariable; (java.base@9)
 228:           126           3024  java.util.Arrays$ArrayItr (java.base@9)
 229:           189           3024  java.util.HashMap$KeySet (java.base@9)
 230:            63           3024  org.eclipse.jetty.util.resource.FileResource
 231:           125           3000  java.util.Date (java.base@9)
 232:            82           2952  [Ljava.io.ObjectStreamField; (java.base@9)
 233:           123           2952  jdk.internal.loader.BuiltinClassLoader$2 (java.base@9)
 234:            92           2944  jdk.internal.reflect.ClassFileAssembler (java.base@9)
 235:           122           2928  com.sun.jmx.mbeanserver.MBeanAnalyzer$AttrMethods (java.management@9)
 236:            61           2928  jdk.internal.loader.URLClassPath$JarLoader (java.base@9)
 237:            73           2920  java.io.ObjectStreamClass$FieldReflectorKey (java.base@9)
 238:            73           2920  java.security.ProtectionDomain (java.base@9)
 239:           182           2912  jdk.internal.reflect.DelegatingConstructorAccessorImpl (java.base@9)
 240:           120           2880  javax.management.ObjectName$Property (java.management@9)
 241:            72           2880  org.eclipse.jetty.util.log.StdErrLog
 242:           119           2856  sun.reflect.annotation.AnnotationInvocationHandler (java.base@9)
 243:            89           2848  java.util.zip.ZipCoder (java.base@9)
 244:           117           2808  sun.reflect.annotation.AnnotationParser$1 (java.base@9)
 245:           114           2736  java.lang.reflect.ProxyGenerator$ExceptionTableEntry (java.base@9)
 246:           164           2624  java.lang.ref.ReferenceQueue$Lock (java.base@9)
 247:           109           2616  java.util.ImmutableCollections$Set2 (java.base@9)
 248:            54           2592  java.lang.StackTraceElement (java.base@9)
 249:            80           2560  javax.management.MBeanAttributeInfo (java.management@9)
 250:           159           2544  java.util.HashMap$EntrySet (java.base@9)
 251:            79           2528  java.lang.StringBuffer (java.base@9)
 252:            78           2496  java.util.Vector (java.base@9)
 253:            28           2464  sun.net.www.protocol.jar.URLJarFile (java.base@9)
 254:            34           2448  net.bull.javamelody.internal.model.Counter
 255:            61           2440  java.util.HashMap$KeySpliterator (java.base@9)
 256:            60           2400  com.sun.management.internal.DiagnosticCommandArgumentInfo (jdk.management@9)
 257:            33           2376  java.beans.PropertyDescriptor (java.desktop@9)
 258:            99           2376  java.lang.Class$AnnotationData (java.base@9)
 259:            98           2352  jdk.internal.module.SystemModuleFinder$1 (java.base@9)
 260:            72           2304  java.io.FileInputStream (java.base@9)
 261:            96           2304  java.lang.invoke.MethodHandleNatives$CallSiteContext (java.base@9)
 262:            36           2304  java.text.DateFormatSymbols (java.base@9)
 263:            22           2288  sun.net.www.protocol.file.FileURLConnection (java.base@9)
 264:             2           2256  [Lorg.eclipse.jetty.http.HttpStatus$Code;
 265:            94           2256  java.lang.invoke.InvokerBytecodeGenerator$CpPatch (java.base@9)
 266:            70           2240  com.sun.jmx.mbeanserver.WeakIdentityHashMap$IdentityWeakReference (java.management@9)
 267:            27           2224  [Ljava.lang.ThreadLocal$ThreadLocalMap$Entry; (java.base@9)
 268:            46           2208  java.lang.reflect.ProxyGenerator$MethodInfo (java.base@9)
 269:            92           2208  java.util.LinkedList$Node (java.base@9)
 270:            46           2208  java.util.logging.LogManager$LoggerWeakRef (java.logging@9)
 271:            92           2208  jdk.internal.reflect.ByteVectorImpl (java.base@9)
 272:            68           2176  com.sun.org.apache.xerces.internal.xni.QName (java.xml@9)
 273:            71           2144  [Ljavax.management.MBeanOperationInfo; (java.management@9)
 274:            67           2144  javax.management.ObjectName (java.management@9)
 275:            89           2136  java.util.ArrayDeque (java.base@9)
 276:            19           2128  net.bull.javamelody.internal.model.CounterRequest
 277:            44           2112  [Ljava.lang.invoke.LambdaForm$BasicType; (java.base@9)
 278:            43           2072  [Ljava.lang.invoke.LambdaForm$NamedFunction; (java.base@9)
 279:             1           2048  [Lorg.eclipse.jetty.http.HttpGenerator$Status;
 280:            32           2048  jdk.internal.org.objectweb.asm.FieldWriter (java.base@9)
 281:            42           2016  java.net.NetworkInterface (java.base@9)
 282:            42           2016  sun.nio.fs.WindowsPath$WindowsPathWithAttributes (java.base@9)
 283:            25           2000  jdk.internal.reflect.DelegatingClassLoader (java.base@9)
 284:            83           1992  jdk.internal.module.SystemModuleFinder$2 (java.base@9)
 285:            62           1984  java.io.RandomAccessFile (java.base@9)
 286:             1           1976  [Ljava.util.Locale; (java.base@9)
 287:            61           1952  java.io.ObjectStreamClass$WeakClassKey (java.base@9)
 288:            81           1944  org.eclipse.jetty.webapp.MetaData$OriginInfo
 289:           118           1888  java.util.LinkedHashMap$LinkedEntrySet (java.base@9)
 290:            39           1872  com.sun.management.internal.DiagnosticCommandInfo (jdk.management@9)
 291:            78           1872  java.lang.module.ResolvedModule (java.base@9)
 292:            78           1872  java.net.URLClassLoader$2 (java.base@9)
 293:            78           1872  jdk.internal.module.SystemModuleFinder$ImageModuleReader (java.base@9)
 294:            84           1856  [Lsun.reflect.generics.tree.FieldTypeSignature; (java.base@9)
 295:            58           1856  java.io.DataOutputStream (java.base@9)
 296:            77           1848  jdk.internal.jimage.ImageLocation (java.base@9)
 297:            76           1824  java.lang.RuntimePermission (java.base@9)
 298:            76           1824  java.util.concurrent.CopyOnWriteArrayList$COWIterator (java.base@9)
 299:            76           1824  jdk.internal.loader.BuiltinClassLoader$LoadedModule (java.base@9)
 300:            45           1800  java.security.AccessControlContext (java.base@9)
 301:            32           1792  sun.util.calendar.ZoneInfo (java.base@9)
 302:            55           1760  java.util.LinkedHashMap$LinkedValueIterator (java.base@9)
 303:             4           1704  [[B (java.base@9)
 304:            42           1680  [Ljava.lang.invoke.BoundMethodHandle$SpeciesData; (java.base@9)
 305:            70           1680  java.io.ExpiringCache$Entry (java.base@9)
 306:            26           1664  java.lang.invoke.BoundMethodHandle$Species_L6IIL (java.base@9)
 307:            52           1664  java.lang.invoke.LambdaForm$Kind (java.base@9)
 308:            52           1664  java.util.LinkedList (java.base@9)
 309:            41           1640  java.io.FilePermission (java.base@9)
 310:            41           1640  java.lang.invoke.BoundMethodHandle$SpeciesData (java.base@9)
 311:            68           1632  java.lang.module.ModuleDescriptor$Provides (java.base@9)
 312:            29           1624  java.util.concurrent.ConcurrentHashMap$KeyIterator (java.base@9)
 313:            29           1624  javax.management.MBeanServerNotification (java.management@9)
 314:            50           1600  jdk.internal.loader.URLClassPath$FileLoader$1 (java.base@9)
 315:            50           1600  sun.security.util.DerInputBuffer (java.base@9)
 316:            50           1600  sun.security.util.DerValue (java.base@9)
 317:            33           1584  java.lang.invoke.BoundMethodHandle$Species_L4 (java.base@9)
 318:            65           1560  java.security.Provider$UString (java.base@9)
 319:            64           1536  java.util.ImmutableCollections$SetN$1 (java.base@9)
 320:            63           1512  java.util.zip.ZipFile$Source$Key (java.base@9)
 321:            47           1504  javax.management.MBeanParameterInfo (java.management@9)
 322:            47           1504  org.eclipse.jetty.http.HttpStatus$Code
 323:            53           1496  [Ljavax.management.openmbean.OpenType; (java.management@9)
 324:            61           1464  net.bull.javamelody.Parameter
 325:            26           1456  java.util.Properties (java.base@9)
 326:            63           1440  [Ljava.security.CodeSigner; (java.base@9)
 327:            60           1440  java.lang.invoke.ConstantCallSite (java.base@9)
 328:            20           1440  java.util.ResourceBundle$CacheKey (java.base@9)
 329:            44           1408  java.security.Permissions (java.base@9)
 330:            88           1408  java.util.Optional (java.base@9)
 331:            25           1400  sun.security.provider.SHA (java.base@9)
 332:            58           1392  java.io.ByteArrayOutputStream (java.base@9)
 333:            29           1392  sun.nio.cs.SingleByte$Decoder (java.base@9)
 334:            15           1376  [Ljava.lang.Byte; (java.base@9)
 335:             1           1376  [Ljdk.internal.math.FDBigInteger; (java.base@9)
 336:            57           1368  java.util.ImmutableCollections$List1 (java.base@9)
 337:            34           1360  java.lang.reflect.ProxyGenerator$ProxyMethod (java.base@9)
 338:            28           1344  java.nio.HeapCharBuffer (java.base@9)
 339:            21           1344  java.text.SimpleDateFormat (java.base@9)
 340:            28           1344  sun.security.util.ManifestEntryVerifier (java.base@9)
 341:            55           1320  java.lang.StringCoding$Result (java.base@9)
 342:            55           1320  java.util.Collections$1 (java.base@9)
 343:            55           1320  java.util.jar.Manifest (java.base@9)
 344:            55           1320  sun.nio.fs.WindowsPathParser$Result (java.base@9)
 345:            23           1288  java.util.Calendar$Builder (java.base@9)
 346:            40           1280  java.util.ResourceBundle$KeyElementReference (java.base@9)
 347:            39           1248  com.sun.management.internal.DiagnosticCommandImpl$Wrapper (jdk.management@9)
 348:            52           1248  com.sun.org.apache.xerces.internal.util.SymbolTable$Entry (java.xml@9)
 349:            39           1248  java.util.Collections$UnmodifiableMap (java.base@9)
 350:            52           1248  jdk.internal.reflect.NativeMethodAccessorImpl (java.base@9)
 351:            39           1248  jdk.internal.reflect.UnsafeStaticObjectFieldAccessorImpl (java.base@9)
 352:            51           1224  java.io.ObjectStreamClass$ClassDataSlot (java.base@9)
 353:            38           1216  java.net.URI$Parser (java.base@9)
 354:            38           1216  java.util.logging.LogManager$LogNode (java.logging@9)
 355:            50           1200  [Lsun.security.x509.AVA; (java.base@9)
 356:            50           1200  java.lang.PublicMethods (java.base@9)
 357:            50           1200  java.util.stream.ReferencePipeline$7$1 (java.base@9)
 358:            30           1200  sun.nio.cs.UTF_8$Decoder (java.base@9)
 359:            50           1200  sun.security.util.DerInputStream (java.base@9)
 360:            50           1200  sun.security.x509.AVA (java.base@9)
 361:            50           1200  sun.security.x509.RDN (java.base@9)
 362:            38           1184  [Ljava.math.BigInteger; (java.base@9)
 363:            74           1184  java.security.ProtectionDomain$Key (java.base@9)
 364:            37           1184  java.util.PropertyPermission (java.base@9)
 365:            49           1176  jdk.internal.reflect.Label$PatchInfo (java.base@9)
 366:            73           1168  [Ljava.security.Principal; (java.base@9)
 367:            29           1160  java.util.HashMap$ValueIterator (java.base@9)
 368:            29           1160  net.bull.javamelody.internal.model.CounterError
 369:            24           1152  java.lang.invoke.BoundMethodHandle$Species_L5 (java.base@9)
 370:            36           1152  java.util.concurrent.locks.AbstractQueuedSynchronizer$Node (java.base@9)
 371:            28           1120  java.lang.invoke.MethodHandleImpl$AsVarargsCollector (java.base@9)
 372:            49           1112  [[Ljava.lang.annotation.Annotation; (java.base@9)
 373:            46           1104  java.lang.invoke.StringConcatFactory$RecipeElement (java.base@9)
 374:            46           1104  org.eclipse.jetty.http.HttpGenerator$Status
 375:            34           1088  [[Ljava.lang.Class; (java.base@9)
 376:            34           1088  java.lang.reflect.ProxyGenerator$FieldInfo (java.base@9)
 377:            27           1080  sun.jvmstat.perfdata.monitor.PerfStringConstantMonitor (jdk.internal.jvmstat@9)
 378:            19           1064  java.lang.invoke.BoundMethodHandle$Species_L6 (java.base@9)
 379:            19           1064  javax.management.openmbean.ArrayType (java.management@9)
 380:             2           1056  [Ljava.util.TimerTask; (java.base@9)
 381:            66           1056  java.lang.ThreadLocal (java.base@9)
 382:            44           1056  java.util.Collections$SingletonList (java.base@9)
 383:            66           1056  java.util.concurrent.atomic.AtomicBoolean (java.base@9)
 384:             1           1040  [Ljava.lang.Long; (java.base@9)
 385:             1           1040  [Ljava.lang.Short; (java.base@9)
 386:            26           1040  com.sun.beans.introspect.PropertyInfo (java.desktop@9)
 387:            26           1040  java.lang.invoke.MethodHandleImpl$IntrinsicMethodHandle (java.base@9)
 388:             8           1024  [Ljava.beans.MethodDescriptor; (java.desktop@9)
 389:            63           1008  [Ljava.lang.annotation.Annotation; (java.base@9)
 390:            42           1008  com.sun.beans.introspect.MethodInfo (java.desktop@9)
 391:            42           1008  java.lang.invoke.InfoFromMemberName (java.base@9)
 392:            42           1008  java.lang.invoke.InnerClassLambdaMetafactory$ForwardingMethodGenerator (java.base@9)
 393:            25           1000  java.lang.invoke.BoundMethodHandle$Species_L3 (java.base@9)
 394:            31            992  java.lang.invoke.VarHandle$AccessMode (java.base@9)
 395:            31            992  java.util.concurrent.ConcurrentHashMap$ForwardingNode (java.base@9)
 396:            41            984  com.sun.jmx.mbeanserver.PerInterface$MethodAndSig (java.management@9)
 397:            60            960  java.lang.SecurityManager$$Lambda$86/1366832221 (java.base@9)
 398:            60            960  java.lang.SecurityManager$$Lambda$89/931041456 (java.base@9)
 399:            30            960  java.security.Provider$EngineDescription (java.base@9)
 400:            24            960  java.text.DigitList (java.base@9)
 401:            30            960  jdk.internal.loader.BuiltinClassLoader$1 (java.base@9)
 402:            40            960  org.apache.logging.log4j.core.pattern.PatternFormatter
 403:            40            960  sun.security.provider.PolicyFile$PolicyEntry (java.base@9)
 404:            17            952  java.util.logging.Logger (java.logging@9)
 405:            39            936  java.util.concurrent.atomic.AtomicLong (java.base@9)
 406:            23            920  com.sun.jmx.mbeanserver.MXBeanSupport (java.management@9)
 407:            23            920  java.util.Formatter$FormatSpecifier (java.base@9)
 408:            39            904  [Lcom.sun.management.internal.DiagnosticCommandArgumentInfo; (jdk.management@9)
 409:            40            896  [Ljavax.management.MBeanNotificationInfo; (java.management@9)
 410:            56            896  java.util.LinkedHashMap$LinkedValues (java.base@9)
 411:            28            896  java.util.concurrent.ConcurrentHashMap$ReservationNode (java.base@9)
 412:            23            888  [Ljava.util.Formatter$Flags; (java.base@9)
 413:            55            880  java.io.FileInputStream$1 (java.base@9)
 414:            48            864  [Ljava.net.InetAddress; (java.base@9)
 415:            27            864  java.lang.ThreadLocal$ThreadLocalMap$Entry (java.base@9)
 416:            27            864  java.security.BasicPermissionCollection (java.base@9)
 417:            27            864  java.security.MessageDigest$Delegate (java.base@9)
 418:            27            864  java.util.Formatter$FixedString (java.base@9)
 419:            18            864  java.util.Hashtable$Enumerator (java.base@9)
 420:            43            856  [Ljava.net.NetworkInterface; (java.base@9)
 421:            35            840  java.util.Collections$UnmodifiableRandomAccessList (java.base@9)
 422:            52            832  jdk.internal.reflect.DelegatingMethodAccessorImpl (java.base@9)
 423:            34            816  java.lang.Class$1 (java.base@9)
 424:            20            800  java.lang.NoSuchFieldException (java.base@9)
 425:            25            800  java.lang.invoke.SimpleMethodHandle (java.base@9)
 426:            25            800  java.net.InetAddress$InetAddressHolder (java.base@9)
 427:            33            792  java.io.FilePermissionCollection (java.base@9)
 428:            33            792  java.util.Collections$SynchronizedSet (java.base@9)
 429:             9            792  java.util.jar.JarVerifier (java.base@9)
 430:            14            784  javax.management.openmbean.OpenMBeanParameterInfoSupport (java.management@9)
 431:            31            776  [Ljava.io.ObjectStreamClass$ClassDataSlot; (java.base@9)
 432:            16            768  com.sun.beans.util.Cache$Kind$Soft (java.desktop@9)
 433:            32            768  com.sun.jmx.mbeanserver.DefaultMXBeanMappingFactory$IdentityMapping (java.management@9)
 434:            32            768  java.lang.management.ManagementPermission (java.management@9)
 435:             2            768  java.util.TimerThread (java.base@9)
 436:            24            768  java.util.logging.LogManager$LoggerContext$1 (java.logging@9)
 437:            32            768  net.bull.javamelody.internal.common.HttpPart
 438:            24            768  sun.security.x509.OIDMap$OIDInfo (java.base@9)
 439:            19            760  sun.reflect.generics.repository.MethodRepository (java.base@9)
 440:            23            736  java.util.jar.JarVerifier$VerifierStream (java.base@9)
 441:            23            736  jdk.internal.reflect.MethodAccessorGenerator$1 (java.base@9)
 442:            13            728  java.util.concurrent.ConcurrentHashMap$EntryIterator (java.base@9)
 443:            13            728  javax.management.openmbean.CompositeType (java.management@9)
 444:            42            720  [Ljava.net.InterfaceAddress; (java.base@9)
 445:            45            720  com.sun.proxy.$Proxy3
 446:            30            720  java.io.ObjectStreamClass$EntryFuture (java.base@9)
 447:            15            720  java.util.ResourceBundle$BundleReference (java.base@9)
 448:            18            720  java.util.logging.Logger$ConfigurationData (java.logging@9)
 449:            11            704  java.lang.invoke.BoundMethodHandle$Species_L6II (java.base@9)
 450:            29            696  com.sun.jmx.mbeanserver.NamedObject (java.management@9)
 451:            29            696  javax.management.ObjectInstance (java.management@9)
 452:             7            680  [D (java.base@9)
 453:            17            680  com.sun.jmx.mbeanserver.PerInterface (java.management@9)
 454:            17            680  jdk.internal.reflect.UnsafeQualifiedStaticLongFieldAccessorImpl (java.base@9)
 455:            12            672  java.lang.invoke.BoundMethodHandle$Species_L7 (java.base@9)
 456:            28            672  java.util.Collections$UnmodifiableCollection$1 (java.base@9)
 457:            14            672  javax.servlet.http.Cookie
 458:            21            672  org.xml.sax.helpers.LocatorImpl (java.xml@9)
 459:            28            672  sun.net.www.MessageHeader (java.base@9)
 460:            28            672  sun.security.jca.GetInstance$Instance (java.base@9)
 461:            41            656  com.sun.proxy.$Proxy4
 462:             8            640  [Ljava.util.concurrent.ConcurrentHashMap$Segment; (java.base@9)
 463:            40            640  java.util.Collections$SingletonSet (java.base@9)
 464:             3            624  [Ljava.lang.invoke.LambdaForm; (java.base@9)
 465:            26            624  java.lang.ThreadLocal$ThreadLocalMap (java.base@9)
 466:            13            624  org.eclipse.jetty.util.StringMap
 467:            11            616  java.lang.invoke.BoundMethodHandle$Species_L6I (java.base@9)
 468:            11            616  org.eclipse.jetty.io.ByteArrayBuffer$CaseInsensitive
 469:            19            608  java.lang.invoke.VarHandle$AccessDescriptor (java.base@9)
 470:            19            608  sun.reflect.generics.tree.MethodTypeSignature (java.base@9)
 471:            19            608  sun.util.resources.Bundles$CacheKey (java.base@9)
 472:            15            600  java.lang.invoke.VarHandleObjects$FieldInstanceReadWrite (java.base@9)
 473:            15            600  java.util.Collections$SingletonMap (java.base@9)
 474:            25            600  java.util.ImmutableCollections$Set2$1 (java.base@9)
 475:            25            600  java.util.concurrent.ConcurrentLinkedQueue$Node (java.base@9)
 476:             4            576  [Ljava.lang.invoke.MemberName; (java.base@9)
 477:            24            576  ch.qos.logback.classic.spi.StackTraceElementProxy
 478:            12            576  com.sun.org.apache.xerces.internal.util.XMLAttributesImpl$Attribute (java.xml@9)
 479:            24            576  com.sun.org.apache.xerces.internal.util.XMLStringBuffer (java.xml@9)
 480:            24            576  java.lang.management.ManagementFactory$$Lambda$94/1306613962 (java.management@9)
 481:            24            576  org.apache.log4j.CategoryKey
 482:             6            576  sun.net.www.protocol.jar.URLJarFile$URLJarFileEntry (java.base@9)
 483:            12            576  sun.security.x509.X500Name (java.base@9)
 484:            35            560  ch.qos.logback.core.joran.spi.ElementSelector
 485:            14            560  ch.qos.logback.core.status.InfoStatus
 486:            14            560  java.lang.NoSuchMethodError (java.base@9)
 487:            10            560  java.util.ServiceLoader (java.base@9)
 488:             7            560  java.util.concurrent.TimeUnit (java.base@9)
 489:            14            560  javax.management.openmbean.SimpleType (java.management@9)
 490:            27            552  [Ljavax.management.MBeanConstructorInfo; (java.management@9)
 491:            23            552  java.security.SecurityPermission (java.base@9)
 492:            23            552  net.bull.javamelody.internal.common.HttpParameter
 493:             6            528  [Ljava.lang.StackTraceElement; (java.base@9)
 494:             2            528  [Lnet.bull.javamelody.Parameter;
 495:            11            528  com.sun.jmx.mbeanserver.DefaultMXBeanMappingFactory$CompositeMapping (java.management@9)
 496:            22            528  java.lang.invoke.InnerClassLambdaMetafactory$1 (java.base@9)
 497:            33            528  java.util.Formatter$Flags (java.base@9)
 498:            33            528  jdk.internal.logger.DefaultLoggerFinder$1 (java.base@9)
 499:            11            528  org.apache.logging.log4j.core.util.datetime.FixedDateFormat$FixedFormat
 500:             6            528  sun.net.www.protocol.jar.JarURLConnection (java.base@9)
 501:            11            528  sun.util.resources.Bundles$BundleReference (java.base@9)
 502:            16            512  java.awt.Color (java.desktop@9)
 503:            16            512  java.util.stream.Collectors$CollectorImpl (java.base@9)
 504:            16            512  java.util.stream.ReduceOps$3 (java.base@9)
 505:            16            512  java.util.stream.ReduceOps$3ReducingSink (java.base@9)
 506:            16            512  jdk.internal.loader.URLClassPath$1 (java.base@9)
 507:            21            504  com.sun.org.apache.xerces.internal.xni.XMLString (java.xml@9)
 508:            21            504  java.util.Collections$2 (java.base@9)
 509:            21            504  sun.reflect.generics.reflectiveObjects.ParameterizedTypeImpl (java.base@9)
 510:            21            504  sun.security.x509.AVAKeyword (java.base@9)
 511:             7            496  [Lsun.invoke.util.Wrapper; (java.base@9)
 512:            20            480  [Ljava.util.Enumeration; (java.base@9)
 513:            12            480  java.io.ObjectStreamClass$FieldReflector (java.base@9)
 514:            20            480  java.lang.CompoundEnumeration (java.base@9)
 515:            20            480  java.lang.invoke.Invokers (java.base@9)
 516:             4            480  java.net.SocksSocketImpl (java.base@9)
 517:            12            480  java.util.HashMap$ValueSpliterator (java.base@9)
 518:            15            480  java.util.logging.LogManager$4 (java.logging@9)
 519:            15            480  jdk.internal.math.FloatingDecimal$ASCIIToBinaryBuffer (java.base@9)
 520:            12            480  jdk.internal.reflect.UnsafeQualifiedStaticObjectFieldAccessorImpl (java.base@9)
 521:            20            480  org.eclipse.jetty.io.nio.SelectorManager$SelectSet$1
 522:            10            480  sun.invoke.util.Wrapper (java.base@9)
 523:            20            480  sun.nio.ch.SocketOptionRegistry$RegistryKey (java.base@9)
 524:            15            480  sun.security.x509.AlgorithmId (java.base@9)
 525:            29            464  jdk.internal.reflect.Label (java.base@9)
 526:             4            456  [Ljava.lang.ClassValue$Entry; (java.base@9)
 527:            19            456  org.eclipse.jetty.webapp.ClasspathPattern$Entry
 528:            19            456  sun.reflect.generics.scope.MethodScope (java.base@9)
 529:             7            448  java.lang.invoke.BoundMethodHandle$Species_L9 (java.base@9)
 530:            14            448  java.util.ArrayList$SubList (java.base@9)
 531:            14            448  java.util.ArrayList$SubList$1 (java.base@9)
 532:            14            448  java.util.Formatter (java.base@9)
 533:            14            448  java.util.ServiceLoader$ProviderImpl (java.base@9)
 534:            28            448  java.util.concurrent.atomic.AtomicInteger (java.base@9)
 535:             7            448  javax.naming.NameImpl (java.naming@9)
 536:            14            448  org.apache.logging.log4j.core.pattern.LiteralPatternConverter
 537:             8            448  sun.management.MemoryPoolImpl (java.management@9)
 538:             3            432  [Lnet.bull.javamelody.internal.common.HttpPart;
 539:            18            432  java.io.ObjectStreamClass$2 (java.base@9)
 540:            18            432  java.lang.NamedPackage (java.base@9)
 541:            18            432  java.lang.module.ModuleDescriptor$Opens (java.base@9)
 542:            18            432  java.text.DateFormat$Field (java.base@9)
 543:            18            432  jdk.internal.perf.PerfCounter (java.base@9)
 544:             6            432  sun.net.www.protocol.jrt.JavaRuntimeURLConnection (java.base@9)
 545:             9            432  sun.util.locale.provider.LocaleResources$ResourceReference (java.base@9)
 546:             1            424  [Lcom.sun.org.apache.xerces.internal.util.SymbolTable$Entry; (java.xml@9)
 547:            12            424  [Lsun.security.x509.RDN; (java.base@9)
 548:             3            424  [[Ljava.lang.Object; (java.base@9)
 549:             1            424  org.quartz.core.QuartzSchedulerThread
 550:            26            416  [Lorg.apache.jasper.runtime.TldScanner$TldInfo;
 551:            13            416  com.sun.org.apache.xerces.internal.util.AugmentationsImpl$SmallContainer (java.xml@9)
 552:            13            416  java.lang.invoke.DirectMethodHandle$Special (java.base@9)
 553:            26            416  net.bull.javamelody.internal.model.CounterStorage
 554:            13            416  sun.security.jca.ProviderConfig (java.base@9)
 555:            17            408  com.sun.jmx.mbeanserver.MBeanAnalyzer (java.management@9)
 556:            17            408  com.sun.jmx.mbeanserver.MBeanIntrospector$MBeanInfoMaker (java.management@9)
 557:            17            408  javax.management.StandardMBean (java.management@9)
 558:            17            408  sun.nio.ch.OptionKey (java.base@9)
 559:            10            400  ch.qos.logback.core.joran.event.StartEvent
 560:            10            400  java.lang.OutOfMemoryError (java.base@9)
 561:             5            400  java.lang.invoke.BoundMethodHandle$Species_L13 (java.base@9)
 562:             5            400  java.lang.invoke.BoundMethodHandle$Species_L9IILL (java.base@9)
 563:            10            400  java.util.ServiceLoader$LazyClassPathLookupIterator (java.base@9)
 564:            10            400  org.apache.logging.log4j.core.layout.PatternLayout$SerializerBuilder
 565:             5            400  sun.security.x509.X509CertImpl (java.base@9)
 566:             7            392  [Ljava.lang.Thread; (java.base@9)
 567:            23            392  [Lsun.reflect.generics.tree.FormalTypeParameter; (java.base@9)
 568:             4            384  [Lcom.sun.org.apache.xerces.internal.xni.QName; (java.xml@9)
 569:             8            384  java.beans.BeanDescriptor (java.desktop@9)
 570:            16            384  java.lang.WeakPairMap$Pair$Lookup (java.base@9)
 571:             6            384  java.lang.invoke.BoundMethodHandle$Species_L8 (java.base@9)
 572:             1            384  java.lang.ref.Finalizer$FinalizerThread (java.base@9)
 573:            12            384  java.util.AbstractList$Itr (java.base@9)
 574:            12            384  java.util.Stack (java.base@9)
 575:            24            384  java.util.WeakHashMap$EntrySet (java.base@9)
 576:            24            384  java.util.concurrent.ConcurrentHashMap$ValuesView (java.base@9)
 577:             1            384  java.util.logging.LogManager$Cleaner (java.logging@9)
 578:             1            384  jdk.internal.misc.InnocuousThread (java.base@9)
 579:            16            384  net.bull.javamelody.internal.model.Action
 580:             3            384  org.apache.logging.log4j.core.config.DefaultConfiguration
 581:             1            384  runjettyrun.Bootstrap$1
 582:             1            384  runjettyrun.Bootstrap$2
 583:             1            376  java.lang.ref.Reference$ReferenceHandler (java.base@9)
 584:            23            368  jdk.internal.reflect.BootstrapConstructorAccessorImpl (java.base@9)
 585:            23            368  jdk.internal.reflect.ClassDefiner$1 (java.base@9)
 586:             1            360  com.sun.org.apache.xerces.internal.impl.XMLNSDocumentScannerImpl (java.xml@9)
 587:             9            360  com.sun.org.apache.xerces.internal.utils.XMLSecurityManager$Limit (java.xml@9)
 588:             9            360  java.util.IdentityHashMap (java.base@9)
 589:             5            360  org.apache.log4j.spi.LoggingEvent
 590:             9            360  org.apache.logging.log4j.core.lookup.StrSubstitutor
 591:            11            352  [Ljava.lang.invoke.LambdaFormEditor$Transform; (java.base@9)
 592:             4            352  java.net.DualStackPlainSocketImpl (java.base@9)
 593:            11            352  java.net.Inet6Address (java.base@9)
 594:            11            352  java.net.Inet6Address$Inet6AddressHolder (java.base@9)
 595:            22            352  java.util.HashMap$Values (java.base@9)
 596:            11            352  javax.management.MBeanNotificationInfo (java.management@9)
 597:             8            344  [Ljava.beans.PropertyDescriptor; (java.desktop@9)
 598:            19            344  [Lsun.reflect.generics.tree.TypeSignature; (java.base@9)
 599:            14            336  ch.qos.logback.core.pattern.parser.Token
 600:            14            336  ch.qos.logback.core.spi.ContextAwareBase
 601:            21            336  java.lang.Class$$Lambda$4/1061804750 (java.base@9)
 602:            14            336  java.net.Inet4Address (java.base@9)
 603:            14            336  java.net.InetSocketAddress$InetSocketAddressHolder (java.base@9)
 604:            14            336  java.security.Permissions$1 (java.base@9)
 605:            14            336  java.util.ServiceLoader$1 (java.base@9)
 606:            14            336  java.util.Spliterators$1Adapter (java.base@9)
 607:            14            336  org.eclipse.jetty.http.HttpFields$Field
 608:             3            336  sun.nio.ch.SocketChannelImpl (java.base@9)
 609:             3            336  sun.security.provider.HashDrbg (java.base@9)
 610:            10            320  ch.qos.logback.core.joran.event.EndEvent
 611:             8            320  java.beans.GenericBeanInfo (java.desktop@9)
 612:             8            320  java.lang.ClassLoader$NativeLibrary (java.base@9)
 613:             4            320  java.lang.invoke.BoundMethodHandle$Species_L8IILL (java.base@9)
 614:             4            320  java.lang.invoke.BoundMethodHandle$Species_L9IIL (java.base@9)
 615:            10            320  java.util.ServiceLoader$ModuleServicesLookupIterator (java.base@9)
 616:            10            320  org.eclipse.jetty.http.PathMap$Entry
 617:             8            320  sun.management.MemoryPoolImpl$CollectionSensor (java.management@9)
 618:             8            320  sun.management.MemoryPoolImpl$PoolSensor (java.management@9)
 619:             5            320  sun.nio.cs.SingleByte$Encoder (java.base@9)
 620:            13            312  java.util.ImmutableCollections$ListN (java.base@9)
 621:            13            312  java.util.concurrent.ConcurrentLinkedQueue (java.base@9)
 622:            13            312  org.apache.log4j.Level
 623:             8            304  [Lorg.apache.logging.log4j.core.pattern.PatternFormatter;
 624:             1            296  org.eclipse.jetty.webapp.WebAppContext
 625:            12            288  ch.qos.logback.core.joran.spi.HostClassAndPropertyDouble
 626:             9            288  com.sun.beans.introspect.ClassInfo (java.desktop@9)
 627:             9            288  java.io.ByteArrayInputStream (java.base@9)
 628:            18            288  java.lang.invoke.StringConcatFactory$Recipe (java.base@9)
 629:             6            288  java.lang.reflect.ProxyGenerator (java.base@9)
 630:            12            288  java.net.StandardSocketOptions$StdSocketOption (java.base@9)
 631:             6            288  java.util.Properties$LineReader (java.base@9)
 632:             9            288  java.util.RegularEnumSet (java.base@9)
 633:             9            288  java.util.logging.Level (java.logging@9)
 634:             9            288  java.util.logging.Level$KnownLevel (java.logging@9)
 635:            18            288  net.bull.javamelody.internal.web.$Proxy8
 636:             4            288  org.apache.logging.log4j.core.layout.PatternLayout
 637:            18            288  org.apache.logging.log4j.core.lookup.SystemPropertiesLookup
 638:             9            288  org.objectweb.asm.Type
 639:             6            288  sun.nio.cs.StreamDecoder (java.base@9)
 640:             9            288  sun.reflect.annotation.AnnotationType (java.base@9)
 641:             5            280  java.lang.invoke.BoundMethodHandle$Species_LIIL3 (java.base@9)
 642:             7            280  org.apache.log4j.Logger
 643:             5            280  sun.security.util.MemoryCache$SoftCacheEntry (java.base@9)
 644:             5            280  sun.security.x509.X509CertInfo (java.base@9)
 645:             6            272  [Ljava.lang.invoke.MethodType; (java.base@9)
 646:            17            272  com.sun.jmx.mbeanserver.PerInterface$InitMaps (java.management@9)
 647:            17            272  sun.invoke.util.ValueConversions$WrapperCache (java.base@9)
 648:            11            264  java.lang.invoke.MethodHandleImpl$Intrinsic (java.base@9)
 649:            11            264  org.eclipse.jetty.xml.XmlParser$Attribute
 650:            11            264  sun.jvmstat.perfdata.monitor.v2_0.TypeCode (jdk.internal.jvmstat@9)
 651:             4            256  [Lorg.apache.logging.log4j.core.util.datetime.FixedDateFormat$FixedFormat;
 652:             8            256  com.sun.beans.util.Cache$CacheEntry (java.desktop@9)
 653:             8            256  java.lang.reflect.ProxyGenerator$PrimitiveTypeInfo (java.base@9)
 654:             8            256  java.util.Collections$SynchronizedMap (java.base@9)
 655:             4            256  net.bull.javamelody.internal.model.TransportFormat$MyObjectInputStream
 656:             4            256  org.apache.logging.log4j.core.config.LoggerConfig
 657:             2            256  org.eclipse.jetty.servlet.ServletHolder
 658:             5            240  ch.qos.logback.classic.Logger
 659:            10            240  com.sun.org.apache.xerces.internal.impl.XMLScanner$NameType (java.xml@9)
 660:             6            240  java.io.BufferedInputStream (java.base@9)
 661:            10            240  java.security.CryptoPrimitive (java.base@9)
 662:            10            240  java.util.AbstractMap$SimpleImmutableEntry (java.base@9)
 663:            15            240  java.util.Hashtable$EntrySet (java.base@9)
 664:             6            240  java.util.PropertyResourceBundle (java.base@9)
 665:            10            240  java.util.ServiceLoader$2 (java.base@9)
 666:            10            240  java.util.ServiceLoader$3 (java.base@9)
 667:             6            240  jdk.internal.loader.AbstractClassLoaderValue$Memoizer (java.base@9)
 668:             5            240  net.bull.javamelody.internal.model.Period
 669:            10            240  org.xml.sax.helpers.AttributesImpl (java.xml@9)
 670:             5            240  sun.nio.cs.StreamEncoder (java.base@9)
 671:             7            224  [Ljava.lang.Boolean; (java.base@9)
 672:             1            224  [Ljava.lang.invoke.LambdaForm$Kind; (java.base@9)
 673:             4            224  java.io.ObjectInputStream$BlockDataInputStream (java.base@9)
 674:            14            224  java.lang.Float (java.base@9)
 675:            14            224  java.net.InetSocketAddress (java.base@9)
 676:             7            224  java.util.regex.Pattern$Branch (java.base@9)
 677:             4            224  java.util.zip.GZIPInputStream (java.base@9)
 678:             7            224  javax.management.MBeanConstructorInfo (java.management@9)
 679:             4            224  javax.naming.NameNotFoundException (java.naming@9)
 680:             7            224  org.apache.log4j.ProvisionNode
 681:             7            224  org.apache.log4j.helpers.PatternParser$LiteralPatternConverter
 682:             4            224  sun.util.PropertyResourceBundleCharset$PropertiesFileDecoder (java.base@9)
 683:             3            216  java.lang.invoke.BoundMethodHandle$Species_L11 (java.base@9)
 684:             3            216  java.lang.invoke.BoundMethodHandle$Species_L9I (java.base@9)
 685:             3            216  java.lang.invoke.BoundMethodHandle$Species_L9II (java.base@9)
 686:             3            216  java.security.SecureRandom (java.base@9)
 687:             9            216  java.util.Collections$3 (java.base@9)
 688:             9            216  java.util.concurrent.ConcurrentHashMap$KeySetView (java.base@9)
 689:             9            216  org.apache.logging.log4j.core.config.plugins.util.PluginManager
 690:             9            216  org.apache.logging.log4j.core.lookup.Interpolator
 691:             9            216  org.apache.logging.log4j.core.pattern.FormattingInfo
 692:             3            216  org.apache.logging.log4j.core.util.datetime.FixedDateFormat
 693:             3            216  org.eclipse.jetty.util.resource.JarFileResource
 694:             9            216  sun.util.logging.PlatformLogger$Level (java.base@9)
 695:            13            208  com.sun.org.apache.xerces.internal.util.AugmentationsImpl (java.xml@9)
 696:            13            208  java.util.Properties$EntrySet (java.base@9)
 697:            13            208  java.util.concurrent.atomic.AtomicReference (java.base@9)
 698:            13            208  net.bull.javamelody.internal.model.PeriodCounterFactory
 699:             2            208  sun.security.provider.Sun (java.base@9)
 700:             2            200  [Ljava.text.DateFormat$Field; (java.base@9)
 701:             1            200  com.sun.org.apache.xerces.internal.impl.XMLDTDScannerImpl (java.xml@9)
 702:             1            200  com.sun.org.apache.xerces.internal.parsers.XIncludeAwareParserConfiguration (java.xml@9)
 703:             5            200  java.util.EnumMap (java.base@9)
 704:             5            200  java.util.stream.StreamOpFlag (java.base@9)
 705:             1            200  net.bull.javamelody.internal.model.JavaInformations
 706:             5            200  sun.jvmstat.perfdata.monitor.PerfIntegerMonitor (jdk.internal.jvmstat@9)
 707:             5            200  sun.jvmstat.perfdata.monitor.PerfStringVariableMonitor (jdk.internal.jvmstat@9)
 708:             5            200  sun.nio.cs.ISO_8859_1$Decoder (java.base@9)
 709:             5            200  sun.security.rsa.RSAPublicKeyImpl (java.base@9)
 710:             8            192  [Ljava.security.Permission; (java.base@9)
 711:             3            192  ch.qos.logback.classic.PatternLayout
 712:             6            192  ch.qos.logback.core.pattern.parser.SimpleKeywordNode
 713:             8            192  com.sun.beans.introspect.PropertyInfo$Name (java.desktop@9)
 714:             6            192  com.sun.jmx.mbeanserver.DefaultMXBeanMappingFactory$CollectionMapping (java.management@9)
 715:             3            192  java.lang.ClassValue$ClassValueMap (java.base@9)
 716:             6            192  java.lang.ClassValue$Entry (java.base@9)
 717:             4            192  java.lang.ThreadGroup (java.base@9)
 718:             6            192  java.lang.invoke.LambdaForm$BasicType (java.base@9)
 719:            12            192  java.lang.reflect.AccessibleObject$$Lambda$78/1145680499 (java.base@9)
 720:             8            192  java.math.RoundingMode (java.base@9)
 721:             8            192  java.net.InterfaceAddress (java.base@9)
 722:             6            192  java.nio.file.attribute.FileTime (java.base@9)
 723:             6            192  java.util.ResourceBundle$Control$1 (java.base@9)
 724:             8            192  java.util.regex.Pattern$GroupHead (java.base@9)
 725:             8            192  java.util.regex.Pattern$GroupTail (java.base@9)
 726:             4            192  net.bull.javamelody.internal.model.CounterRequestRumData
 727:             8            192  org.apache.logging.log4j.Level
 728:             8            192  org.apache.logging.log4j.MarkerManager$Log4jMarker
 729:             4            192  org.apache.logging.log4j.core.layout.PatternLayout$Builder
 730:             8            192  org.apache.logging.log4j.spi.StandardLevel
 731:             1            192  org.eclipse.jetty.server.nio.SelectChannelConnector
 732:             2            192  sun.nio.ch.ServerSocketChannelImpl (java.base@9)
 733:             8            192  sun.security.provider.certpath.X509CertPath (java.base@9)
 734:             3            184  [Ljava.nio.ByteBuffer; (java.base@9)
 735:             1            184  org.eclipse.jetty.server.Request
 736:             1            184  org.eclipse.jetty.server.session.HashSessionManager
 737:             1            176  [Lcom.sun.management.internal.DiagnosticCommandInfo; (jdk.management@9)
 738:             7            176  [Ljava.util.regex.Pattern$Node; (java.base@9)
 739:             9            176  [Lorg.apache.logging.log4j.core.config.AppenderControl;
 740:            11            176  ch.qos.logback.core.joran.spi.ElementPath
 741:             1            176  com.sun.org.apache.xerces.internal.impl.dtd.XMLNSDTDValidator (java.xml@9)
 742:            11            176  java.text.NumberFormat$Field (java.base@9)
 743:             1            168  [[Ljava.math.BigInteger; (java.base@9)
 744:             7            168  ch.qos.logback.classic.Level
 745:             7            168  com.sun.org.apache.xerces.internal.util.FeatureState (java.xml@9)
 746:             7            168  java.lang.System$Logger$Level (java.base@9)
 747:             7            168  java.net.NetPermission (java.base@9)
 748:             7            168  java.util.ImmutableCollections$List2 (java.base@9)
 749:             3            168  javax.management.openmbean.OpenMBeanOperationInfoSupport (java.management@9)
 750:             7            168  javax.naming.CompoundName (java.naming@9)
 751:             7            168  org.apache.commons.logging.impl.WeakHashtable$Referenced
 752:             7            168  org.eclipse.jetty.webapp.Origin
 753:             7            168  sun.jvmstat.monitor.Units (jdk.internal.jvmstat@9)
 754:             7            168  sun.security.x509.NetscapeCertTypeExtension$MapEntry (java.base@9)
 755:             3            160  [Ljava.util.logging.Level; (java.logging@9)
 756:             2            160  [[Ljava.lang.String; (java.base@9)
 757:             5            160  com.sun.jmx.mbeanserver.Repository$ObjectNamePattern (java.management@9)
 758:             5            160  java.io.DataInputStream (java.base@9)
 759:             4            160  java.lang.ArrayIndexOutOfBoundsException (java.base@9)
 760:             4            160  java.lang.WeakPairMap$Pair$Weak (java.base@9)
 761:             2            160  java.lang.invoke.BoundMethodHandle$Species_L11II (java.base@9)
 762:             4            160  java.lang.invoke.DirectMethodHandle$Constructor (java.base@9)
 763:             5            160  java.lang.invoke.VarHandle$AccessType (java.base@9)
 764:             4            160  java.util.HashMap$EntrySpliterator (java.base@9)
 765:            10            160  java.util.concurrent.locks.ReentrantLock (java.base@9)
 766:             5            160  java.util.jar.Manifest$FastInputStream (java.base@9)
 767:             5            160  javax.management.StandardEmitterMBean (java.management@9)
 768:             4            160  javax.xml.catalog.CatalogFeatures$Feature (java.xml@9)
 769:             4            160  org.apache.logging.log4j.core.config.AppenderControl
 770:             4            160  org.apache.logging.log4j.core.config.Node
 771:            10            160  org.apache.logging.log4j.core.impl.ThreadContextDataInjector$ForDefaultThreadContextMap
 772:             4            160  org.apache.logging.log4j.core.layout.StringBuilderEncoder
 773:            10            160  org.apache.logging.log4j.core.lookup.JmxRuntimeInputArgumentsLookup
 774:            10            160  org.apache.logging.log4j.core.lookup.MapLookup
 775:             4            160  org.apache.logging.log4j.core.pattern.MessagePatternConverter
 776:             2            160  org.eclipse.jetty.http.PathMap
 777:             5            160  sun.security.x509.URIName (java.base@9)
 778:             5            160  sun.util.locale.provider.LocaleProviderAdapter$Type (java.base@9)
 779:             1            152  com.sun.org.apache.xerces.internal.impl.XMLEntityManager (java.xml@9)
 780:             1            144  [Ljava.lang.invoke.VarHandle$AccessMode; (java.base@9)
 781:             1            144  [Ljava.util.Queue; (java.base@9)
 782:             1            144  [Ljava.util.concurrent.ConcurrentMap; (java.base@9)
 783:             6            144  ch.qos.logback.core.pattern.LiteralConverter
 784:             6            144  com.sun.org.apache.xerces.internal.util.Status (java.xml@9)
 785:             6            144  java.io.InputStreamReader (java.base@9)
 786:             2            144  java.lang.invoke.BoundMethodHandle$Species_L10 (java.base@9)
 787:             2            144  java.lang.invoke.BoundMethodHandle$Species_L7IIL (java.base@9)
 788:             6            144  java.lang.invoke.StringConcatFactory$Strategy (java.base@9)
 789:             6            144  java.lang.reflect.Proxy$ProxyBuilder (java.base@9)
 790:             6            144  java.lang.reflect.Proxy$ProxyBuilder$1 (java.base@9)
 791:             6            144  java.lang.reflect.ProxyGenerator$ConstantPool (java.base@9)
 792:             6            144  java.net.URLClassLoader$3 (java.base@9)
 793:             3            144  java.nio.HeapIntBuffer (java.base@9)
 794:             9            144  java.util.Collections$UnmodifiableMap$UnmodifiableEntrySet (java.base@9)
 795:             9            144  java.util.Collections$UnmodifiableMap$UnmodifiableEntrySet$UnmodifiableEntry (java.base@9)
 796:             9            144  java.util.ResourceBundle$$Lambda$27/76432244 (java.base@9)
 797:             6            144  java.util.concurrent.ConcurrentSkipListMap$Node (java.base@9)
 798:             9            144  java.util.jar.JarVerifier$3 (java.base@9)
 799:             6            144  java.util.regex.Pattern$Ques (java.base@9)
 800:             1            144  net.bull.javamelody.internal.model.Collector
 801:             6            144  org.apache.logging.log4j.core.LifeCycle$State
 802:             3            144  org.apache.logging.log4j.core.appender.ConsoleAppender
 803:             9            144  org.apache.logging.log4j.core.lookup.ContextMapLookup
 804:             9            144  org.apache.logging.log4j.core.lookup.DateLookup
 805:             9            144  org.apache.logging.log4j.core.lookup.EnvironmentLookup
 806:             9            144  org.apache.logging.log4j.core.lookup.JavaLookup
 807:             9            144  org.apache.logging.log4j.core.lookup.JndiLookup
 808:             9            144  org.apache.logging.log4j.core.lookup.Log4jLookup
 809:             9            144  org.apache.logging.log4j.core.lookup.MarkerLookup
 810:             6            144  org.eclipse.jetty.util.component.AggregateLifeCycle$Bean
 811:             2            144  org.eclipse.jetty.webapp.FragmentDescriptor
 812:             6            144  sun.net.www.protocol.jar.JarURLConnection$JarURLInputStream (java.base@9)
 813:             6            144  sun.reflect.annotation.AnnotationType$1 (java.base@9)
 814:             3            144  sun.security.provider.MoreDrbgParameters (java.base@9)
 815:             6            144  sun.security.util.DisabledAlgorithmConstraints$Constraint$Operator (java.base@9)
 816:             9            144  sun.util.logging.internal.LoggingProviderImpl$JULWrapper (java.logging@9)
 817:             4            136  [Lsun.invoke.util.ValueConversions$WrapperCache; (java.base@9)
 818:             1            136  org.eclipse.jetty.servlet.ServletHandler
 819:             1            128  [Ljava.net.URL; (java.base@9)
 820:             4            128  com.sun.jmx.mbeanserver.DefaultMXBeanMappingFactory$ArrayMapping (java.management@9)
 821:             2            128  java.beans.Introspector (java.desktop@9)
 822:             2            128  java.io.ExpiringCache$1 (java.base@9)
 823:             4            128  java.io.ObjectInputStream$HandleTable (java.base@9)
 824:             4            128  java.io.ObjectInputStream$PeekInputStream (java.base@9)
 825:             4            128  java.lang.WeakPairMap$Pair$Weak$1 (java.base@9)
 826:             4            128  java.util.ArrayList$ArrayListSpliterator (java.base@9)
 827:             4            128  java.util.ImmutableCollections$MapN (java.base@9)
 828:             4            128  java.util.Random (java.base@9)
 829:             8            128  java.util.concurrent.ConcurrentHashMap$EntrySetView (java.base@9)
 830:             4            128  org.apache.log4j.helpers.PatternParser$BasicPatternConverter
 831:             4            128  org.apache.logging.log4j.core.appender.DefaultErrorHandler
 832:             1            128  org.apache.logging.log4j.core.config.NullConfiguration
 833:             4            128  org.apache.logging.log4j.core.pattern.ExtendedThrowablePatternConverter
 834:             4            128  org.apache.logging.log4j.core.util.WatchManager
 835:             1            128  org.eclipse.jetty.util.BlockingArrayQueue
 836:             1            128  sun.nio.ch.WindowsSelectorImpl (java.base@9)
 837:             4            128  sun.reflect.generics.reflectiveObjects.TypeVariableImpl (java.base@9)
 838:             4            128  sun.reflect.generics.repository.ClassRepository (java.base@9)
 839:             2            128  sun.security.provider.SHA2$SHA256 (java.base@9)
 840:             4            128  sun.security.util.DisabledAlgorithmConstraints$KeySizeConstraint (java.base@9)
 841:             4            128  sun.security.x509.BasicConstraintsExtension (java.base@9)
 842:             4            128  sun.util.PropertyResourceBundleCharset (java.base@9)
 843:             3            120  [Ljavax.servlet.DispatcherType;
 844:             5            120  ch.qos.logback.core.pattern.parser.TokenStream$TokenizerState
 845:             5            120  ch.qos.logback.core.subst.Token$Type
 846:             5            120  ch.qos.logback.core.util.AggregationType
 847:             1            120  com.sun.org.apache.xerces.internal.jaxp.SAXParserImpl$JAXPSAXParser (java.xml@9)
 848:             5            120  com.sun.org.apache.xerces.internal.util.PropertyState (java.xml@9)
 849:             5            120  com.sun.org.apache.xerces.internal.utils.XMLSecurityManager$State (java.xml@9)
 850:             5            120  com.sun.org.apache.xerces.internal.utils.XMLSecurityPropertyManager$State (java.xml@9)
 851:             3            120  java.io.BufferedWriter (java.base@9)
 852:             5            120  java.io.OutputStreamWriter (java.base@9)
 853:             5            120  java.util.regex.Pattern$$Lambda$102/67795316 (java.base@9)
 854:             5            120  java.util.stream.ReduceOps$2 (java.base@9)
 855:             5            120  java.util.stream.ReduceOps$2ReducingSink (java.base@9)
 856:             5            120  java.util.stream.StreamOpFlag$Type (java.base@9)
 857:             5            120  javax.servlet.DispatcherType
 858:             3            120  jdk.internal.math.FloatingDecimal$BinaryToASCIIBuffer (java.base@9)
 859:             5            120  jdk.internal.math.FloatingDecimal$PreparedASCIIToBinaryBuffer (java.base@9)
 860:             5            120  net.bull.javamelody.internal.model.Range
 861:             5            120  org.apache.commons.logging.impl.Log4JLogger
 862:             5            120  org.apache.commons.logging.impl.LogFactoryImpl$2
 863:             3            120  org.apache.logging.log4j.core.appender.OutputStreamManager
 864:             3            120  org.apache.logging.log4j.core.pattern.DatePatternConverter
 865:             3            120  org.apache.logging.log4j.core.pattern.DatePatternConverter$FixedFormatter
 866:             5            120  org.apache.logging.log4j.core.pattern.PatternParser$ParserState
 867:             5            120  org.apache.logging.log4j.core.util.DummyNanoClock
 868:             1            120  org.eclipse.jetty.server.AsyncHttpConnection
 869:             1            120  runjettyrun.ProjectClassLoader
 870:             5            120  sun.nio.fs.WindowsPathType (java.base@9)
 871:             5            120  sun.security.jca.ServiceId (java.base@9)
 872:             5            120  sun.security.util.BitArray (java.base@9)
 873:             5            120  sun.security.util.Cache$EqualByteArray (java.base@9)
 874:             5            120  sun.security.x509.CertificateValidity (java.base@9)
 875:             5            120  sun.util.resources.LocaleData$1 (java.base@9)
 876:             1            112  [Lch.qos.logback.classic.spi.StackTraceElementProxy;
 877:             2            112  [Ljava.security.CryptoPrimitive; (java.base@9)
 878:             1            112  [Lnet.bull.javamelody.internal.common.HttpParameter;
 879:             7            112  java.lang.Boolean (java.base@9)
 880:             7            112  java.lang.reflect.Proxy$$Lambda$44/1146825051 (java.base@9)
 881:             2            112  java.net.SocketPermission (java.base@9)
 882:             2            112  java.nio.DirectIntBufferRU (java.base@9)
 883:             2            112  java.nio.DirectIntBufferU (java.base@9)
 884:             7            112  java.util.regex.Pattern$BranchConn (java.base@9)
 885:             1            112  jdk.internal.loader.ClassLoaders$AppClassLoader (java.base@9)
 886:             2            112  org.eclipse.jetty.io.PooledBuffers
 887:             2            112  org.eclipse.jetty.io.View
 888:             2            112  org.eclipse.jetty.io.View$CaseInsensitive
 889:             1            112  org.eclipse.jetty.security.ConstraintSecurityHandler
 890:             7            112  sun.management.spi.PlatformMBeanProvider$PlatformComponent$$Lambda$76/767814888 (java.management@9)
 891:             7            112  sun.management.spi.PlatformMBeanProvider$PlatformComponent$$Lambda$77/739935529 (java.management@9)
 892:             7            112  sun.security.x509.GeneralName (java.base@9)
 893:             2            104  [Lsun.util.logging.PlatformLogger$Level; (java.base@9)
 894:             1            104  ch.qos.logback.classic.LoggerContext
 895:             1            104  jdk.internal.loader.ClassLoaders$BootClassLoader (java.base@9)
 896:             1            104  jdk.internal.loader.ClassLoaders$PlatformClassLoader (java.base@9)
 897:             1            104  org.eclipse.jetty.util.thread.QueuedThreadPool
 898:             1            104  sun.security.jca.ProviderList$1 (java.base@9)
 899:             1            104  sun.security.rsa.SunRsaSign (java.base@9)
 900:             3             96  [F (java.base@9)
 901:             2             96  [Lcom.sun.org.apache.xerces.internal.utils.XMLSecurityManager$State; (java.xml@9)
 902:             2             96  [Ljava.lang.System$Logger$Level; (java.base@9)
 903:             2             96  [Ljava.math.RoundingMode; (java.base@9)
 904:             4             96  [Lorg.apache.logging.log4j.Marker;
 905:             2             96  [Lorg.apache.logging.log4j.spi.StandardLevel;
 906:             2             96  ch.qos.logback.classic.pattern.ThrowableProxyConverter
 907:             3             96  ch.qos.logback.core.joran.action.AppenderRefAction
 908:             4             96  ch.qos.logback.core.subst.Token
 909:             3             96  ch.qos.logback.core.util.COWArrayList
 910:             3             96  com.sun.jmx.mbeanserver.DefaultMXBeanMappingFactory$EnumMapping (java.management@9)
 911:             2             96  com.sun.jmx.mbeanserver.MBeanIntrospector$MBeanInfoMap (java.management@9)
 912:             2             96  com.sun.jmx.mbeanserver.MBeanIntrospector$PerInterfaceMap (java.management@9)
 913:             4             96  com.sun.jmx.mbeanserver.StandardMBeanSupport (java.management@9)
 914:             2             96  com.sun.management.internal.GarbageCollectorExtImpl (jdk.management@9)
 915:             1             96  com.sun.org.apache.xerces.internal.impl.dtd.XMLDTDProcessor (java.xml@9)
 916:             3             96  com.sun.org.apache.xerces.internal.util.XMLResourceIdentifierImpl (java.xml@9)
 917:             3             96  com.sun.org.apache.xerces.internal.utils.XMLSecurityManager$NameMap (java.xml@9)
 918:             6             96  com.sun.proxy.$Proxy0
Total        493387       59631688
