 num     #instances         #bytes  class name (module)
-------------------------------------------------------
   1:          9636        5566312  [B (java.base@15-ea)
   2:           823        1091656  [I (java.base@15-ea)
   3:          1993         224560  java.lang.Class (java.base@15-ea)
   4:          9212         221088  java.lang.String (java.base@15-ea)
   5:          2476         151448  [Ljava.lang.Object; (java.base@15-ea)
   6:          3908         125056  java.util.HashMap$Node (java.base@15-ea)
   7:           226          93432  [C (java.base@15-ea)
   8:           865          76120  java.lang.reflect.Method (java.base@15-ea)
   9:          2209          70688  java.util.concurrent.ConcurrentHashMap$Node (java.base@15-ea)
  10:           457          55728  [Ljava.util.HashMap$Node; (java.base@15-ea)
  11:          1115          26384  [Ljava.lang.Class; (java.base@15-ea)
  12:            76          25344  [Ljava.util.concurrent.ConcurrentHashMap$Node; (java.base@15-ea)
  13:           472          22656  java.util.HashMap (java.base@15-ea)
  14:           430          20640  java.lang.invoke.MemberName (java.base@15-ea)
  15:           406          19488  jdk.internal.ref.CleanerImpl$PhantomCleanableRef (java.base@15-ea)
  16:           301          19264  java.net.URL (java.base@15-ea)
  17:           521          18920  [Ljava.lang.String; (java.base@15-ea)
  18:           488          15616  java.lang.invoke.LambdaForm$Name (java.base@15-ea)
  19:           170          14240  [Ljava.util.WeakHashMap$Entry; (java.base@15-ea)
  20:           147          14112  java.util.jar.JarFile$JarFileEntry (java.base@15-ea)
  21:           438          14016  java.lang.invoke.MethodType$ConcurrentWeakInternSet$WeakEntry (java.base@15-ea)
  22:           342          13680  java.lang.invoke.MethodType (java.base@15-ea)
  23:           200          13600  [Ljava.lang.ref.SoftReference; (java.base@15-ea)
  24:           818          13088  java.lang.Object (java.base@15-ea)
  25:           292          11680  java.lang.ref.SoftReference (java.base@15-ea)
  26:           174          11136  java.lang.Class$ReflectionData (java.base@15-ea)
  27:           153          11016  java.lang.reflect.Field (java.base@15-ea)
  28:           152           9728  java.util.zip.Inflater (java.base@15-ea)
  29:           148           9472  java.util.jar.JarFile (java.base@15-ea)
  30:           148           9472  java.util.zip.ZipFile$Source (java.base@15-ea)
  31:           148           9472  sun.nio.fs.WindowsFileAttributes (java.base@15-ea)
  32:           361           8664  java.lang.module.ModuleDescriptor$Exports (java.base@15-ea)
  33:           353           8472  java.lang.invoke.ResolvedMethodName (java.base@15-ea)
  34:           148           8288  java.io.FileCleanable (java.base@15-ea)
  35:           103           8240  java.lang.reflect.Constructor (java.base@15-ea)
  36:           167           8016  java.util.WeakHashMap (java.base@15-ea)
  37:           300           7200  java.util.ImmutableCollections$Set12 (java.base@15-ea)
  38:           148           7104  jdk.internal.loader.URLClassPath$JarLoader (java.base@15-ea)
  39:           137           6912  [Ljava.lang.reflect.Method; (java.base@15-ea)
  40:           162           6480  java.util.TreeMap$Entry (java.base@15-ea)
  41:            97           6208  java.util.concurrent.ConcurrentHashMap (java.base@15-ea)
  42:           256           6144  java.lang.Long (java.base@15-ea)
  43:           153           6120  sun.nio.fs.WindowsPath (java.base@15-ea)
  44:           152           6080  java.io.FileDescriptor (java.base@15-ea)
  45:           190           6080  java.lang.ref.ReferenceQueue (java.base@15-ea)
  46:           252           6048  javax.management.ImmutableDescriptor (java.management@15-ea)
  47:           123           5848  [Ljava.lang.invoke.LambdaForm$Name; (java.base@15-ea)
  48:           118           5664  java.lang.invoke.LambdaForm (java.base@15-ea)
  49:           233           5592  java.util.LinkedList$Node (java.base@15-ea)
  50:           167           5344  java.lang.invoke.LambdaForm$NamedFunction (java.base@15-ea)
  51:           129           5160  java.util.WeakHashMap$Entry (java.base@15-ea)
  52:           155           4960  com.sun.jmx.mbeanserver.ConvertingMethod (java.management@15-ea)
  53:            62           4960  java.net.URI (java.base@15-ea)
  54:           123           4920  java.util.LinkedHashMap$Entry (java.base@15-ea)
  55:           153           4896  java.io.File (java.base@15-ea)
  56:           148           4736  java.io.RandomAccessFile (java.base@15-ea)
  57:           148           4736  java.util.zip.ZipFile$CleanableResource (java.base@15-ea)
  58:           285           4560  java.lang.Integer (java.base@15-ea)
  59:           134           4288  java.lang.module.ModuleDescriptor$Requires (java.base@15-ea)
  60:           131           4192  java.lang.invoke.DirectMethodHandle (java.base@15-ea)
  61:           174           4176  jdk.internal.module.ServicesCatalog$ServiceProvider (java.base@15-ea)
  62:           170           4080  java.util.ImmutableCollections$SetN (java.base@15-ea)
  63:            63           4032  java.lang.module.ModuleDescriptor (java.base@15-ea)
  64:           125           4000  java.util.LinkedList (java.base@15-ea)
  65:            71           3976  java.lang.Module (java.base@15-ea)
  66:           152           3648  java.util.zip.Inflater$InflaterZStreamRef (java.base@15-ea)
  67:           151           3624  java.util.Collections$SetFromMap (java.base@15-ea)
  68:           150           3600  java.util.ArrayDeque (java.base@15-ea)
  69:           148           3552  java.util.zip.ZipFile$Source$Key (java.base@15-ea)
  70:           110           3520  java.lang.invoke.MethodTypeForm (java.base@15-ea)
  71:            62           3472  java.util.LinkedHashMap (java.base@15-ea)
  72:            62           3472  jdk.internal.module.ModuleReferenceImpl (java.base@15-ea)
  73:           108           3456  java.lang.ref.WeakReference (java.base@15-ea)
  74:            38           3424  [Ljava.lang.invoke.MethodHandle; (java.base@15-ea)
  75:           166           3320  [Lcom.sun.jmx.mbeanserver.MXBeanMapping; (java.management@15-ea)
  76:             9           3312  java.lang.Thread (java.base@15-ea)
  77:           206           3296  java.util.HashSet (java.base@15-ea)
  78:            79           3160  com.sun.management.internal.DiagnosticCommandArgumentInfo (jdk.management@15-ea)
  79:            49           3136  javax.management.openmbean.OpenMBeanAttributeInfoSupport (java.management@15-ea)
  80:           192           3072  java.lang.ref.ReferenceQueue$Lock (java.base@15-ea)
  81:            92           2944  java.lang.invoke.MethodHandleNatives$CallSiteContext (java.base@15-ea)
  82:            55           2888  [Ljavax.management.MBeanAttributeInfo; (java.management@15-ea)
  83:           113           2712  java.util.ArrayList (java.base@15-ea)
  84:            65           2600  java.io.ObjectStreamField (java.base@15-ea)
  85:            54           2592  javax.management.MBeanInfo (java.management@15-ea)
  86:           103           2472  [[C (java.base@15-ea)
  87:           149           2384  java.util.WeakHashMap$KeySet (java.base@15-ea)
  88:           147           2352  java.util.Collections$UnmodifiableSet (java.base@15-ea)
  89:            93           2152  [Ljava.lang.reflect.Constructor; (java.base@15-ea)
  90:            66           2112  java.lang.invoke.LambdaForm$Kind (java.base@15-ea)
  91:            65           2080  javax.management.MBeanAttributeInfo (java.management@15-ea)
  92:            41           1968  com.sun.management.internal.DiagnosticCommandInfo (jdk.management@15-ea)
  93:            82           1968  java.util.concurrent.CopyOnWriteArrayList (java.base@15-ea)
  94:            61           1952  jdk.internal.loader.BuiltinClassLoader$LoadedModule (java.base@15-ea)
  95:            34           1904  java.lang.invoke.LambdaFormEditor$Transform (java.base@15-ea)
  96:            47           1880  java.lang.invoke.DirectMethodHandle$Accessor (java.base@15-ea)
  97:            78           1872  java.util.ImmutableCollections$List12 (java.base@15-ea)
  98:            76           1824  jdk.internal.reflect.NativeConstructorAccessorImpl (java.base@15-ea)
  99:            52           1664  java.lang.invoke.BoundMethodHandle$Species_L (java.base@15-ea)
 100:            65           1552  [Ljavax.management.ObjectName$Property; (java.management@15-ea)
 101:            64           1536  net.bull.javamelody.Parameter
 102:            38           1520  javax.management.MBeanOperationInfo (java.management@15-ea)
 103:            62           1488  java.lang.module.ResolvedModule (java.base@15-ea)
 104:            62           1488  jdk.internal.module.SystemModuleFinders$2 (java.base@15-ea)
 105:            62           1488  jdk.internal.module.SystemModuleFinders$SystemModuleReader (java.base@15-ea)
 106:            59           1416  java.lang.module.ModuleDescriptor$Provides (java.base@15-ea)
 107:            42           1344  javax.management.MBeanParameterInfo (java.management@15-ea)
 108:            45           1336  [Ljavax.management.MBeanOperationInfo; (java.management@15-ea)
 109:            41           1312  com.sun.management.internal.DiagnosticCommandImpl$Wrapper (jdk.management@15-ea)
 110:            53           1272  sun.reflect.generics.tree.SimpleClassTypeSignature (java.base@15-ea)
 111:            26           1248  java.util.TreeMap (java.base@15-ea)
 112:             7           1232  [J (java.base@15-ea)
 113:            77           1232  jdk.internal.reflect.DelegatingConstructorAccessorImpl (java.base@15-ea)
 114:            50           1200  javax.management.ObjectName$Property (java.management@15-ea)
 115:            19           1064  javax.management.openmbean.ArrayType (java.management@15-ea)
 116:            44           1056  java.util.Arrays$ArrayList (java.base@15-ea)
 117:            44           1056  java.util.jar.Attributes$Name (java.base@15-ea)
 118:            33           1056  javax.management.ObjectName (java.management@15-ea)
 119:             1           1040  [Ljava.lang.Integer; (java.base@15-ea)
 120:             1           1040  [Ljava.lang.Long; (java.base@15-ea)
 121:            41           1024  [Lcom.sun.management.internal.DiagnosticCommandArgumentInfo; (jdk.management@15-ea)
 122:            53           1000  [Lsun.reflect.generics.tree.TypeArgument; (java.base@15-ea)
 123:            31            992  java.lang.invoke.VarHandle$AccessMode (java.base@15-ea)
 124:            41            984  com.sun.jmx.mbeanserver.PerInterface$MethodAndSig (java.management@15-ea)
 125:            24            960  com.sun.jmx.mbeanserver.MXBeanSupport (java.management@15-ea)
 126:            60            960  jdk.internal.module.SystemModuleFinders$3 (java.base@15-ea)
 127:            20            952  [Ljava.lang.reflect.Field; (java.base@15-ea)
 128:            37            904  [Ljavax.management.MBeanParameterInfo; (java.management@15-ea)
 129:            27            864  java.lang.Package (java.base@15-ea)
 130:            36            864  java.lang.management.ManagementPermission (java.management@15-ea)
 131:            53            848  sun.reflect.generics.tree.ClassTypeSignature (java.base@15-ea)
 132:            21            840  java.lang.Package$VersionInfo (java.base@15-ea)
 133:             4            832  [Z (java.base@15-ea)
 134:            25            800  com.sun.jmx.mbeanserver.WeakIdentityHashMap$IdentityWeakReference (java.management@15-ea)
 135:            25            800  java.util.Locale (java.base@15-ea)
 136:            25            800  sun.util.locale.BaseLocale (java.base@15-ea)
 137:            14            784  javax.management.openmbean.OpenMBeanParameterInfoSupport (java.management@15-ea)
 138:            32            768  com.sun.jmx.mbeanserver.DefaultMXBeanMappingFactory$IdentityMapping (java.management@15-ea)
 139:            13            728  javax.management.openmbean.CompositeType (java.management@15-ea)
 140:            30            720  sun.reflect.annotation.AnnotationInvocationHandler (java.base@15-ea)
 141:            18            720  sun.reflect.generics.repository.MethodRepository (java.base@15-ea)
 142:            29            696  java.lang.Class$AnnotationData (java.base@15-ea)
 143:            28            672  java.util.Collections$SingletonList (java.base@15-ea)
 144:            30            664  [Ljava.lang.reflect.Type; (java.base@15-ea)
 145:            21            656  [Ljava.io.ObjectStreamField; (java.base@15-ea)
 146:             9            648  java.nio.DirectByteBuffer (java.base@15-ea)
 147:            16            640  java.security.ProtectionDomain (java.base@15-ea)
 148:             3            624  [Ljava.lang.invoke.LambdaForm; (java.base@15-ea)
 149:            26            624  com.sun.jmx.mbeanserver.NamedObject (java.management@15-ea)
 150:            15            600  java.security.CodeSource (java.base@15-ea)
 151:            24            576  java.lang.RuntimePermission (java.base@15-ea)
 152:            18            576  sun.reflect.generics.tree.MethodTypeSignature (java.base@15-ea)
 153:            12            576  sun.util.locale.LocaleObjectCache$CacheEntry (java.base@15-ea)
 154:            14            560  java.security.AccessControlContext (java.base@15-ea)
 155:            35            560  java.util.ImmutableCollections$ListN (java.base@15-ea)
 156:             7            560  java.util.concurrent.TimeUnit (java.base@15-ea)
 157:            14            560  javax.management.openmbean.SimpleType (java.management@15-ea)
 158:            10            560  sun.invoke.util.Wrapper (java.base@15-ea)
 159:            11            528  com.sun.jmx.mbeanserver.DefaultMXBeanMappingFactory$CompositeMapping (java.management@15-ea)
 160:            11            528  java.lang.invoke.BoundMethodHandle$SpeciesData (java.base@15-ea)
 161:            11            528  java.util.logging.LogManager$LoggerWeakRef (java.logging@15-ea)
 162:            13            520  com.sun.jmx.mbeanserver.PerInterface (java.management@15-ea)
 163:            21            504  java.util.concurrent.ConcurrentLinkedQueue$Node (java.base@15-ea)
 164:             9            496  [Ljava.util.Hashtable$Entry; (java.base@15-ea)
 165:             7            496  [Lsun.invoke.util.Wrapper; (java.base@15-ea)
 166:            15            480  java.awt.Color (java.desktop@15-ea)
 167:            20            480  java.lang.invoke.Invokers (java.base@15-ea)
 168:            12            480  java.lang.invoke.MethodHandleImpl$AsVarargsCollector (java.base@15-ea)
 169:            20            480  sun.reflect.generics.factory.CoreReflectionFactory (java.base@15-ea)
 170:             8            448  sun.management.MemoryPoolImpl (java.management@15-ea)
 171:            11            440  [Ljava.lang.invoke.BoundMethodHandle$SpeciesData; (java.base@15-ea)
 172:            20            440  [Ljavax.management.MBeanNotificationInfo; (java.management@15-ea)
 173:            11            440  java.lang.OutOfMemoryError (java.base@15-ea)
 174:            11            440  java.lang.invoke.VarHandleReferences$FieldInstanceReadWrite (java.base@15-ea)
 175:             1            432  [[[C (java.base@15-ea)
 176:             9            432  java.util.Hashtable (java.base@15-ea)
 177:            18            432  javax.management.StandardMBean (java.management@15-ea)
 178:            18            432  jdk.internal.loader.AbstractClassLoaderValue$Sub (java.base@15-ea)
 179:            18            432  sun.reflect.generics.reflectiveObjects.ParameterizedTypeImpl (java.base@15-ea)
 180:            18            432  sun.reflect.generics.scope.MethodScope (java.base@15-ea)
 181:            10            400  java.lang.invoke.BoundMethodHandle$Species_LL (java.base@15-ea)
 182:            10            400  java.lang.invoke.BoundMethodHandle$Species_LLL (java.base@15-ea)
 183:            10            400  jdk.internal.reflect.UnsafeQualifiedStaticObjectFieldAccessorImpl (java.base@15-ea)
 184:            12            384  java.util.logging.LogManager$LogNode (java.logging@15-ea)
 185:             1            376  java.lang.ref.Finalizer$FinalizerThread (java.base@15-ea)
 186:             1            376  java.util.logging.LogManager$Cleaner (java.logging@15-ea)
 187:             1            376  jdk.internal.misc.InnocuousThread (java.base@15-ea)
 188:             1            376  org.eclipse.jdt.internal.junit.runner.RemoteTestRunner$ReaderThread
 189:             1            368  java.lang.ref.Reference$ReferenceHandler (java.base@15-ea)
 190:            21            360  [Lsun.reflect.generics.tree.FieldTypeSignature; (java.base@15-ea)
 191:            21            352  [Lsun.reflect.generics.tree.FormalTypeParameter; (java.base@15-ea)
 192:             5            336  [S (java.base@15-ea)
 193:             6            336  java.nio.DirectLongBufferU (java.base@15-ea)
 194:            14            336  java.util.Collections$UnmodifiableRandomAccessList (java.base@15-ea)
 195:            18            328  [Lsun.reflect.generics.tree.TypeSignature; (java.base@15-ea)
 196:            10            320  java.security.Permissions (java.base@15-ea)
 197:            10            320  org.junit.runner.Description
 198:             8            320  sun.management.MemoryPoolImpl$CollectionSensor (java.management@15-ea)
 199:             8            320  sun.management.MemoryPoolImpl$PoolSensor (java.management@15-ea)
 200:            10            320  sun.security.util.LazyCodeSourcePermissionCollection (java.base@15-ea)
 201:            17            312  [Ljavax.management.MBeanConstructorInfo; (java.management@15-ea)
 202:            19            304  java.util.LinkedHashMap$LinkedValues (java.base@15-ea)
 203:             2            288  [Ljava.lang.invoke.MemberName; (java.base@15-ea)
 204:            12            288  java.lang.annotation.ElementType (java.base@15-ea)
 205:             9            288  java.security.BasicPermissionCollection (java.base@15-ea)
 206:             9            288  java.util.logging.Level (java.logging@15-ea)
 207:             9            288  java.util.logging.Level$KnownLevel (java.logging@15-ea)
 208:             9            288  javax.management.MBeanNotificationInfo (java.management@15-ea)
 209:             9            288  jdk.internal.logger.LazyLoggers$LazyLoggerAccessor (java.base@15-ea)
 210:             9            288  jdk.internal.org.objectweb.asm.Type (java.base@15-ea)
 211:             9            288  sun.reflect.annotation.AnnotationType (java.base@15-ea)
 212:             1            280  [Ljava.lang.invoke.LambdaForm$Kind; (java.base@15-ea)
 213:             7            280  java.lang.ClassLoader$NativeLibrary (java.base@15-ea)
 214:             5            280  java.nio.HeapByteBuffer (java.base@15-ea)
 215:             7            272  [Ljava.lang.annotation.ElementType; (java.base@15-ea)
 216:             1            272  [Lnet.bull.javamelody.Parameter;
 217:            11            264  java.lang.invoke.MethodHandleImpl$Intrinsic (java.base@15-ea)
 218:            16            256  [Ljava.security.Principal; (java.base@15-ea)
 219:             8            256  java.lang.reflect.ProxyGenerator$PrimitiveTypeInfo (java.base@15-ea)
 220:            16            256  java.security.ProtectionDomain$Key (java.base@15-ea)
 221:             6            240  java.lang.invoke.BoundMethodHandle$Species_LJ (java.base@15-ea)
 222:             6            240  java.lang.invoke.DirectMethodHandle$Special (java.base@15-ea)
 223:            10            240  java.nio.charset.CoderResult (java.base@15-ea)
 224:            10            240  java.nio.file.StandardOpenOption (java.base@15-ea)
 225:            10            240  java.util.concurrent.ConcurrentLinkedQueue (java.base@15-ea)
 226:            10            240  java.util.zip.ZipFile$InflaterCleanupAction (java.base@15-ea)
 227:            11            224  [Ljava.lang.annotation.Annotation; (java.base@15-ea)
 228:             5            224  [Ljava.lang.invoke.LambdaForm$NamedFunction; (java.base@15-ea)
 229:             7            224  java.lang.ThreadLocal$ThreadLocalMap$Entry (java.base@15-ea)
 230:             7            224  java.lang.invoke.VarHandle$AccessDescriptor (java.base@15-ea)
 231:             7            224  java.util.Collections$UnmodifiableMap (java.base@15-ea)
 232:             7            224  java.util.Hashtable$Entry (java.base@15-ea)
 233:             7            224  java.util.ImmutableCollections$MapN (java.base@15-ea)
 234:             4            224  java.util.Properties (java.base@15-ea)
 235:            14            224  org.junit.runners.model.FrameworkMethod
 236:             3            216  java.nio.DirectByteBufferR (java.base@15-ea)
 237:             3            216  java.util.ResourceBundle$CacheKey (java.base@15-ea)
 238:             9            216  java.util.concurrent.atomic.AtomicLong (java.base@15-ea)
 239:             9            216  jdk.internal.util.jar.JarIndex (java.base@15-ea)
 240:             9            216  sun.util.logging.PlatformLogger$Level (java.base@15-ea)
 241:            13            208  java.util.Collections$SingletonSet (java.base@15-ea)
 242:            13            208  java.util.concurrent.atomic.AtomicInteger (java.base@15-ea)
 243:             5            200  java.lang.invoke.DirectMethodHandle$Interface (java.base@15-ea)
 244:             5            200  java.util.EnumMap (java.base@15-ea)
 245:             5            200  java.util.IdentityHashMap (java.base@15-ea)
 246:             5            200  java.util.stream.StreamOpFlag (java.base@15-ea)
 247:             4            192  [Ljava.lang.invoke.MethodType; (java.base@15-ea)
 248:             6            192  com.sun.jmx.mbeanserver.DefaultMXBeanMappingFactory$CollectionMapping (java.management@15-ea)
 249:             6            192  java.lang.invoke.LambdaForm$BasicType (java.base@15-ea)
 250:             8            192  java.net.NetPermission (java.base@15-ea)
 251:             6            192  java.util.ResourceBundle$KeyElementReference (java.base@15-ea)
 252:             8            192  java.util.regex.Pattern$GroupHead (java.base@15-ea)
 253:             8            192  java.util.regex.Pattern$GroupTail (java.base@15-ea)
 254:             8            192  jdk.internal.reflect.NativeMethodAccessorImpl (java.base@15-ea)
 255:             6            192  sun.util.locale.BaseLocale$Key (java.base@15-ea)
 256:             2            176  java.util.regex.Pattern (java.base@15-ea)
 257:             7            168  java.lang.System$Logger$Level (java.base@15-ea)
 258:             3            168  java.util.logging.Logger (java.logging@15-ea)
 259:             7            168  java.util.regex.Pattern$BmpCharProperty (java.base@15-ea)
 260:             3            168  javax.management.openmbean.OpenMBeanOperationInfoSupport (java.management@15-ea)
 261:             2            160  [Ljava.lang.ThreadLocal$ThreadLocalMap$Entry; (java.base@15-ea)
 262:             2            160  [Ljava.nio.ByteBuffer; (java.base@15-ea)
 263:             3            160  [Ljava.util.logging.Level; (java.logging@15-ea)
 264:             4            160  java.lang.invoke.DirectMethodHandle$Constructor (java.base@15-ea)
 265:             5            160  java.lang.invoke.VarHandle$AccessType (java.base@15-ea)
 266:            10            160  java.security.SecureClassLoader$CodeSourceKey (java.base@15-ea)
 267:            10            160  java.util.Formatter$Flags (java.base@15-ea)
 268:             5            160  java.util.RegularEnumSet (java.base@15-ea)
 269:             4            160  java.util.logging.Logger$ConfigurationData (java.logging@15-ea)
 270:             5            160  java.util.regex.Pattern$Branch (java.base@15-ea)
 271:             5            160  javax.management.StandardEmitterMBean (java.management@15-ea)
 272:             2            160  jdk.internal.reflect.DelegatingClassLoader (java.base@15-ea)
 273:             5            160  sun.util.locale.provider.LocaleProviderAdapter$Type (java.base@15-ea)
 274:             1            144  [Ljava.lang.invoke.VarHandle$AccessMode; (java.base@15-ea)
 275:             3            144  java.lang.ThreadGroup (java.base@15-ea)
 276:             6            144  java.lang.invoke.StringConcatFactory$Strategy (java.base@15-ea)
 277:             3            144  java.util.ResourceBundle$BundleReference (java.base@15-ea)
 278:             6            144  java.util.jar.Manifest (java.base@15-ea)
 279:             9            144  jdk.internal.logger.LazyLoggers$JdkLazyLogger (java.base@15-ea)
 280:             6            144  jdk.internal.perf.PerfCounter (java.base@15-ea)
 281:             3            144  sun.nio.cs.StreamEncoder (java.base@15-ea)
 282:             3            144  sun.nio.cs.UTF_8$Encoder (java.base@15-ea)
 283:             3            144  sun.util.resources.Bundles$BundleReference (java.base@15-ea)
 284:             4            128  [Ljava.lang.invoke.LambdaFormEditor$Transform; (java.base@15-ea)
 285:             4            128  com.sun.jmx.mbeanserver.DefaultMXBeanMappingFactory$ArrayMapping (java.management@15-ea)
 286:             8            128  java.lang.ThreadLocal (java.base@15-ea)
 287:             4            128  java.util.concurrent.locks.ReentrantLock$NonfairSync (java.base@15-ea)
 288:             4            128  java.util.stream.FindOps$FindOp (java.base@15-ea)
 289:             8            128  jdk.internal.reflect.DelegatingMethodAccessorImpl (java.base@15-ea)
 290:             3            120  [Ljava.lang.invoke.LambdaForm$BasicType; (java.base@15-ea)
 291:             5            120  [Ljava.util.regex.Pattern$Node; (java.base@15-ea)
 292:             3            120  java.io.BufferedWriter (java.base@15-ea)
 293:             3            120  java.lang.WeakPairMap$Pair$Weak (java.base@15-ea)
 294:             5            120  java.lang.module.ModuleDescriptor$Opens (java.base@15-ea)
 295:             3            120  java.lang.reflect.ProxyGenerator$ProxyMethod (java.base@15-ea)
 296:             5            120  java.util.stream.StreamOpFlag$Type (java.base@15-ea)
 297:             5            120  jdk.net.ExtendedSocketOptions$ExtSocketOption (jdk.net@15-ea)
 298:             5            120  sun.nio.fs.WindowsPathType (java.base@15-ea)
 299:             3            112  [Ljava.lang.Thread; (java.base@15-ea)
 300:             1            112  java.io.ObjectStreamClass (java.base@15-ea)
 301:             2            112  java.lang.invoke.BoundMethodHandle$Species_LLLLLLL (java.base@15-ea)
 302:             2            112  java.nio.DirectIntBufferRU (java.base@15-ea)
 303:             1            112  jdk.internal.loader.ClassLoaders$AppClassLoader (java.base@15-ea)
 304:             7            112  org.eclipse.jdt.internal.junit4.runner.JUnit4Identifier
 305:             2            104  [Lsun.util.logging.PlatformLogger$Level; (java.base@15-ea)
 306:             1            104  jdk.internal.loader.ClassLoaders$BootClassLoader (java.base@15-ea)
 307:             1            104  jdk.internal.loader.ClassLoaders$PlatformClassLoader (java.base@15-ea)
 308:             2             96  [Ljava.lang.System$Logger$Level; (java.base@15-ea)
 309:             1             96  [Lsun.util.locale.BaseLocale; (java.base@15-ea)
 310:             3             96  com.sun.jmx.mbeanserver.DefaultMXBeanMappingFactory$EnumMapping (java.management@15-ea)
 311:             2             96  com.sun.management.internal.GarbageCollectorExtImpl (jdk.management@15-ea)
 312:             6             96  com.sun.proxy.$Proxy1
 313:             3             96  java.lang.Runtime$Version (java.base@15-ea)
 314:             3             96  java.lang.WeakPairMap$Pair$Weak$1 (java.base@15-ea)
 315:             2             96  java.lang.invoke.BoundMethodHandle$Species_LLLL (java.base@15-ea)
 316:             3             96  java.lang.invoke.SimpleMethodHandle (java.base@15-ea)
 317:             4             96  java.lang.module.ModuleDescriptor$Modifier (java.base@15-ea)
 318:             4             96  java.lang.module.ModuleDescriptor$Requires$Modifier (java.base@15-ea)
 319:             3             96  java.nio.file.attribute.FileTime (java.base@15-ea)
 320:             6             96  java.util.jar.Attributes (java.base@15-ea)
 321:             4             96  java.util.regex.Pattern$BmpCharPropertyGreedy (java.base@15-ea)
 322:             4             96  java.util.regex.Pattern$Qtype (java.base@15-ea)
 323:             4             96  java.util.stream.StreamShape (java.base@15-ea)
 324:             3             96  javax.management.MBeanConstructorInfo (java.management@15-ea)
 325:             2             96  javax.management.openmbean.TabularType (java.management@15-ea)
 326:             1             96  jdk.internal.jimage.ImageReader$SharedImageReader (java.base@15-ea)
 327:             6             96  jdk.internal.loader.ClassLoaderValue (java.base@15-ea)
 328:             4             96  jdk.internal.loader.URLClassPath$FileLoader (java.base@15-ea)
 329:             4             96  jdk.internal.logger.BootstrapLogger$LoggingBackend (java.base@15-ea)
 330:             4             96  org.junit.internal.runners.rules.RuleMemberValidator
 331:             3             96  sun.net.spi.DefaultProxySelector$NonProxyInfo (java.base@15-ea)
 332:             3             96  sun.reflect.generics.reflectiveObjects.TypeVariableImpl (java.base@15-ea)
 333:             3             96  sun.reflect.generics.repository.ClassRepository (java.base@15-ea)
 334:             3             96  sun.util.resources.Bundles$CacheKey (java.base@15-ea)
 335:             1             88  java.util.jar.JarVerifier (java.base@15-ea)
 336:             1             88  org.eclipse.jdt.internal.junit.runner.RemoteTestRunner
 337:             2             80  [Ljava.util.stream.StreamOpFlag$Type; (java.base@15-ea)
 338:             2             80  com.sun.jmx.mbeanserver.DefaultMXBeanMappingFactory$TabularMapping (java.management@15-ea)
 339:             5             80  com.sun.proxy.$Proxy0
 340:             5             80  com.sun.proxy.$Proxy5
 341:             5             80  com.sun.proxy.$Proxy6
 342:             5             80  com.sun.proxy.jdk.proxy1.$Proxy4 (jdk.proxy1@)
 343:             2             80  java.io.PrintStream (java.base@15-ea)
 344:             2             80  java.lang.ModuleLayer (java.base@15-ea)
 345:             2             80  java.lang.VirtualMachineError (java.base@15-ea)
 346:             2             80  java.lang.module.Configuration (java.base@15-ea)
 347:             5             80  java.util.HashMap$EntrySet (java.base@15-ea)
 348:             2             80  java.util.Locale$Category (java.base@15-ea)
 349:             5             80  java.util.regex.Pattern$$Lambda$22/0x0000000800b82440 (java.base@15-ea)
 350:             5             80  java.util.regex.Pattern$BranchConn (java.base@15-ea)
 351:             2             80  jdk.internal.ref.Cleaner (java.base@15-ea)
 352:             2             80  sun.management.MemoryManagerImpl (java.management@15-ea)
 353:             1             80  sun.nio.ch.NioSocketImpl (java.base@15-ea)
 354:             1             80  sun.util.cldr.CLDRLocaleProviderAdapter (java.base@15-ea)
 355:             1             80  sun.util.locale.provider.LocaleProviderAdapter$NonExistentAdapter (java.base@15-ea)
 356:             3             72  [Ljava.security.ProtectionDomain; (java.base@15-ea)
 357:             1             72  [Ljavax.management.openmbean.SimpleType; (java.management@15-ea)
 358:             3             72  java.io.OutputStreamWriter (java.base@15-ea)
 359:             3             72  java.lang.NamedPackage (java.base@15-ea)
 360:             3             72  java.lang.WeakPairMap (java.base@15-ea)
 361:             3             72  java.lang.annotation.RetentionPolicy (java.base@15-ea)
 362:             3             72  java.lang.invoke.StringConcatFactory$Mode (java.base@15-ea)
 363:             3             72  java.net.Proxy$Type (java.base@15-ea)
 364:             3             72  java.security.SecurityPermission (java.base@15-ea)
 365:             3             72  java.util.Collections$UnmodifiableCollection$1 (java.base@15-ea)
 366:             3             72  java.util.concurrent.ConcurrentHashMap$KeySetView (java.base@15-ea)
 367:             3             72  java.util.stream.Collector$Characteristics (java.base@15-ea)
 368:             3             72  jdk.internal.module.IllegalAccessLogger$Mode (java.base@15-ea)
 369:             1             72  net.bull.javamelody.internal.model.Counter
 370:             3             72  sun.management.ManagementFactoryHelper$1 (java.management@15-ea)
 371:             3             72  sun.reflect.generics.tree.ClassSignature (java.base@15-ea)
 372:             3             72  sun.reflect.generics.tree.FormalTypeParameter (java.base@15-ea)
 373:             2             64  [Ljava.lang.annotation.RetentionPolicy; (java.base@15-ea)
 374:             1             64  [Ljava.lang.invoke.MethodHandleImpl$Intrinsic; (java.base@15-ea)
 375:             2             64  [Ljava.nio.charset.CoderResult; (java.base@15-ea)
 376:             2             64  [Ljava.util.stream.Collector$Characteristics; (java.base@15-ea)
 377:             2             64  java.io.BufferedOutputStream (java.base@15-ea)
 378:             2             64  java.io.FileOutputStream (java.base@15-ea)
 379:             2             64  java.lang.ClassValue$Entry (java.base@15-ea)
 380:             1             64  java.lang.invoke.BoundMethodHandle$Species_LLLLLLLLL (java.base@15-ea)
 381:             2             64  java.lang.invoke.MethodHandles$Lookup (java.base@15-ea)
 382:             2             64  java.lang.ref.ReferenceQueue$Null (java.base@15-ea)
 383:             1             64  java.net.SocksSocketImpl (java.base@15-ea)
 384:             2             64  java.nio.DirectByteBuffer$Deallocator (java.base@15-ea)
 385:             2             64  java.util.ArrayList$Itr (java.base@15-ea)
 386:             4             64  java.util.Optional (java.base@15-ea)
 387:             2             64  java.util.PropertyPermission (java.base@15-ea)
 388:             4             64  java.util.concurrent.ConcurrentHashMap$ValuesView (java.base@15-ea)
 389:             4             64  java.util.concurrent.locks.ReentrantLock (java.base@15-ea)
 390:             1             64  java.util.logging.LogManager$RootLogger (java.logging@15-ea)
 391:             4             64  org.junit.internal.runners.rules.RuleMemberValidator$MemberMustBePublic
 392:             2             64  sun.nio.fs.NativeBuffer (java.base@15-ea)
 393:             2             64  sun.util.locale.provider.LocaleResources (java.base@15-ea)
 394:             1             56  [Ljava.lang.Runnable; (java.base@15-ea)
 395:             1             56  [Ljava.nio.file.StandardOpenOption; (java.base@15-ea)
 396:             3             56  [Lsun.reflect.generics.tree.ClassTypeSignature; (java.base@15-ea)
 397:             1             56  [[I (java.base@15-ea)
 398:             2             56  [[Ljava.lang.String; (java.base@15-ea)
 399:             1             56  java.lang.invoke.BoundMethodHandle$Specializer (java.base@15-ea)
 400:             1             56  java.net.SocketPermission (java.base@15-ea)
 401:             1             56  java.nio.HeapCharBuffer (java.base@15-ea)
 402:             1             56  java.util.logging.LogManager (java.logging@15-ea)
 403:             1             56  jdk.internal.org.objectweb.asm.Label (java.base@15-ea)
 404:             1             56  jdk.internal.ref.CleanerImpl$SoftCleanableRef (java.base@15-ea)
 405:             1             48  [Ljava.lang.management.MemoryPoolMXBean; (java.management@15-ea)
 406:             2             48  [Ljava.lang.reflect.TypeVariable; (java.base@15-ea)
 407:             1             48  [Ljava.util.concurrent.TimeUnit; (java.base@15-ea)
 408:             1             48  [[Ljava.lang.Object; (java.base@15-ea)
 409:             2             48  com.sun.jmx.mbeanserver.ClassLoaderRepositorySupport$LoaderEntry (java.management@15-ea)
 410:             1             48  com.sun.jmx.mbeanserver.DefaultMXBeanMappingFactory$Mappings (java.management@15-ea)
 411:             1             48  com.sun.jmx.mbeanserver.MBeanIntrospector$MBeanInfoMap (java.management@15-ea)
 412:             1             48  com.sun.jmx.mbeanserver.MBeanIntrospector$PerInterfaceMap (java.management@15-ea)
 413:             2             48  com.sun.jmx.mbeanserver.WeakIdentityHashMap (java.management@15-ea)
 414:             2             48  java.awt.geom.Point2D$Float (java.desktop@15-ea)
 415:             1             48  java.io.BufferedReader (java.base@15-ea)
 416:             2             48  java.io.File$PathStatus (java.base@15-ea)
 417:             2             48  java.lang.StringCoding$Result (java.base@15-ea)
 418:             2             48  java.lang.ThreadLocal$ThreadLocalMap (java.base@15-ea)
 419:             1             48  java.lang.invoke.BoundMethodHandle$Specializer$Factory (java.base@15-ea)
 420:             1             48  java.lang.invoke.BoundMethodHandle$Species_LLLLL (java.base@15-ea)
 421:             2             48  java.lang.invoke.VarForm (java.base@15-ea)
 422:             2             48  java.lang.reflect.ReflectPermission (java.base@15-ea)
 423:             2             48  java.net.StandardProtocolFamily (java.base@15-ea)
 424:             3             48  java.nio.charset.CodingErrorAction (java.base@15-ea)
 425:             3             48  java.util.HashMap$KeySet (java.base@15-ea)
 426:             3             48  java.util.HashMap$Values (java.base@15-ea)
 427:             3             48  java.util.ResourceBundle$NoFallbackControl (java.base@15-ea)
 428:             1             48  java.util.concurrent.ConcurrentSkipListMap (java.base@15-ea)
 429:             1             48  java.util.concurrent.locks.ReentrantReadWriteLock$FairSync (java.base@15-ea)
 430:             2             48  java.util.logging.Logger$LoggerBundle (java.logging@15-ea)
 431:             2             48  java.util.logging.LoggingPermission (java.logging@15-ea)
 432:             2             48  java.util.regex.Pattern$$Lambda$25/0x0000000800ba0840 (java.base@15-ea)
 433:             3             48  java.util.regex.Pattern$BitClass (java.base@15-ea)
 434:             2             48  java.util.regex.Pattern$BmpCharPredicate$$Lambda$26/0x0000000800ba0c40 (java.base@15-ea)
 435:             2             48  java.util.regex.Pattern$CharPropertyGreedy (java.base@15-ea)
 436:             2             48  java.util.regex.Pattern$Start (java.base@15-ea)
 437:             2             48  javax.management.NotificationBroadcasterSupport (java.management@15-ea)
 438:             1             48  jdk.internal.jimage.ImageHeader (java.base@15-ea)
 439:             2             48  jdk.internal.misc.Signal (java.base@15-ea)
 440:             2             48  jdk.internal.misc.Signal$NativeHandler (java.base@15-ea)
 441:             3             48  jdk.internal.module.ServicesCatalog (java.base@15-ea)
 442:             1             48  jdk.internal.ref.CleanerImpl$WeakCleanableRef (java.base@15-ea)
 443:             1             48  jdk.management.jfr.FlightRecorderMXBeanImpl (jdk.management.jfr@15-ea)
 444:             2             48  org.junit.internal.runners.model.EachTestNotifier
 445:             2             48  org.junit.runners.ParentRunner$3
 446:             2             48  sun.nio.ch.Util$BufferCache (java.base@15-ea)
 447:             1             48  sun.nio.cs.SingleByte$Decoder (java.base@15-ea)
 448:             1             48  sun.nio.cs.StreamDecoder (java.base@15-ea)
 449:             2             48  sun.nio.fs.NativeBuffer$Deallocator (java.base@15-ea)
 450:             2             48  sun.reflect.generics.scope.ClassScope (java.base@15-ea)
 451:             1             48  sun.util.locale.provider.LocaleResources$ResourceReference (java.base@15-ea)
 452:             2             40  [D (java.base@15-ea)
 453:             2             40  [Lcom.sun.jmx.mbeanserver.ClassLoaderRepositorySupport$LoaderEntry; (java.management@15-ea)
 454:             1             40  [Ljava.lang.invoke.StringConcatFactory$Strategy; (java.base@15-ea)
 455:             1             40  [Ljava.lang.invoke.VarHandle$AccessType; (java.base@15-ea)
 456:             1             40  [Ljava.util.stream.StreamOpFlag; (java.base@15-ea)
 457:             1             40  [Lsun.nio.fs.WindowsPathType; (java.base@15-ea)
 458:             1             40  [Lsun.util.locale.provider.LocaleProviderAdapter$Type; (java.base@15-ea)
 459:             1             40  [[Ljava.lang.invoke.LambdaForm$Name; (java.base@15-ea)
 460:             1             40  com.sun.jmx.interceptor.DefaultMBeanServerInterceptor (java.management@15-ea)
 461:             1             40  com.sun.jmx.mbeanserver.JmxMBeanServer (java.management@15-ea)
 462:             1             40  com.sun.jmx.mbeanserver.MBeanServerDelegateImpl (java.management@15-ea)
 463:             1             40  com.sun.management.internal.DiagnosticCommandImpl (jdk.management@15-ea)
 464:             1             40  java.io.BufferedInputStream (java.base@15-ea)
 465:             1             40  java.io.FilePermission (java.base@15-ea)
 466:             1             40  java.io.ObjectStreamClass$FieldReflector (java.base@15-ea)
 467:             1             40  java.io.ObjectStreamClass$FieldReflectorKey (java.base@15-ea)
 468:             1             40  java.io.PrintWriter (java.base@15-ea)
 469:             1             40  java.lang.ArithmeticException (java.base@15-ea)
 470:             1             40  java.lang.NullPointerException (java.base@15-ea)
 471:             1             40  java.lang.invoke.MethodHandleImpl$IntrinsicMethodHandle (java.base@15-ea)
 472:             1             40  java.net.Socket (java.base@15-ea)
 473:             1             40  java.util.ResourceBundle$2 (java.base@15-ea)
 474:             1             40  jdk.internal.loader.URLClassPath (java.base@15-ea)
 475:             1             40  jdk.internal.module.ArchivedModuleGraph (java.base@15-ea)
 476:             1             40  jdk.internal.ref.CleanerImpl$CleanerCleanable (java.base@15-ea)
 477:             1             40  jdk.internal.reflect.UnsafeQualifiedStaticLongFieldAccessorImpl (java.base@15-ea)
 478:             1             40  org.junit.runner.Result
 479:             1             40  sun.awt.resources.awt (java.desktop@15-ea)
 480:             1             40  sun.nio.cs.StandardCharsets$Aliases (java.base@15-ea)
 481:             1             40  sun.nio.cs.StandardCharsets$Cache (java.base@15-ea)
 482:             1             40  sun.nio.cs.StandardCharsets$Classes (java.base@15-ea)
 483:             1             40  sun.nio.cs.UTF_8$Decoder (java.base@15-ea)
 484:             1             40  sun.text.resources.cldr.FormatData (java.base@15-ea)
 485:             1             40  sun.text.resources.cldr.ext.FormatData_fr (jdk.localedata@15-ea)
 486:             1             40  sun.util.locale.InternalLocaleBuilder (java.base@15-ea)
 487:             1             40  sun.util.resources.Bundles$1 (java.base@15-ea)
 488:             1             32  [Ljava.lang.OutOfMemoryError; (java.base@15-ea)
 489:             2             32  [Ljava.lang.StackTraceElement; (java.base@15-ea)
 490:             1             32  [Ljava.lang.ThreadGroup; (java.base@15-ea)
 491:             1             32  [Ljava.lang.invoke.StringConcatFactory$Mode; (java.base@15-ea)
 492:             1             32  [Ljava.lang.management.MemoryManagerMXBean; (java.management@15-ea)
 493:             1             32  [Ljava.lang.module.ModuleDescriptor$Modifier; (java.base@15-ea)
 494:             1             32  [Ljava.lang.module.ModuleDescriptor$Requires$Modifier; (java.base@15-ea)
 495:             1             32  [Ljava.net.Proxy$Type; (java.base@15-ea)
 496:             1             32  [Ljava.util.regex.Pattern$Qtype; (java.base@15-ea)
 497:             1             32  [Ljava.util.stream.StreamShape; (java.base@15-ea)
 498:             1             32  [Ljdk.internal.logger.BootstrapLogger$LoggingBackend; (java.base@15-ea)
 499:             1             32  [Ljdk.internal.module.IllegalAccessLogger$Mode; (java.base@15-ea)
 500:             1             32  [Lorg.junit.validator.AnnotationsValidator$AnnotatableValidator;
 501:             1             32  [Lsun.nio.fs.NativeBuffer; (java.base@15-ea)
 502:             1             32  com.sun.jmx.mbeanserver.Repository (java.management@15-ea)
 503:             1             32  java.awt.GradientPaint (java.desktop@15-ea)
 504:             1             32  java.io.FileInputStream (java.base@15-ea)
 505:             1             32  java.io.ObjectStreamClass$WeakClassKey (java.base@15-ea)
 506:             1             32  java.io.WinNTFileSystem (java.base@15-ea)
 507:             2             32  java.lang.Boolean (java.base@15-ea)
 508:             2             32  java.lang.Shutdown$Lock (java.base@15-ea)
 509:             1             32  java.lang.StringCoding$StringDecoder (java.base@15-ea)
 510:             1             32  java.lang.module.ModuleDescriptor$Version (java.base@15-ea)
 511:             1             32  java.net.InetAddress$InetAddressHolder (java.base@15-ea)
 512:             2             32  java.nio.ByteOrder (java.base@15-ea)
 513:             1             32  java.util.Collections$SynchronizedMap (java.base@15-ea)
 514:             2             32  java.util.Collections$UnmodifiableCollection (java.base@15-ea)
 515:             2             32  java.util.IdentityHashMap$KeySet (java.base@15-ea)
 516:             2             32  java.util.ResourceBundle$SingleFormatControl (java.base@15-ea)
 517:             1             32  java.util.Vector (java.base@15-ea)
 518:             1             32  java.util.logging.LogManager$SystemLoggerContext (java.logging@15-ea)
 519:             1             32  jdk.internal.module.IllegalAccessLogger (java.base@15-ea)
 520:             1             32  jdk.internal.ref.CleanerImpl (java.base@15-ea)
 521:             2             32  jdk.internal.reflect.BootstrapConstructorAccessorImpl (java.base@15-ea)
 522:             1             32  jdk.net.ExtendedSocketOptions$1 (jdk.net@15-ea)
 523:             1             32  org.eclipse.jdt.internal.junit.runner.TestExecution
 524:             2             32  org.junit.internal.runners.rules.RuleMemberValidator$DeclaringClassMustBePublic
 525:             2             32  org.junit.internal.runners.rules.RuleMemberValidator$MemberMustBeNonStaticOrAlsoClassRule
 526:             2             32  org.junit.internal.runners.rules.RuleMemberValidator$MemberMustBeStatic
 527:             1             32  org.junit.runners.JUnit4
 528:             2             32  sun.util.logging.internal.LoggingProviderImpl$JULWrapper (java.logging@15-ea)
 529:             2             32  sun.util.resources.LocaleData (java.base@15-ea)
 530:             1             24  [Ljava.io.File$PathStatus; (java.base@15-ea)
 531:             1             24  [Ljava.lang.ClassValue$Entry; (java.base@15-ea)
 532:             1             24  [Ljava.net.StandardProtocolFamily; (java.base@15-ea)
 533:             1             24  [Ljava.net.URL; (java.base@15-ea)
 534:             1             24  [Ljava.util.Locale$Category; (java.base@15-ea)
 535:             1             24  [Ljava.util.jar.Manifest; (java.base@15-ea)
 536:             1             24  [Lorg.eclipse.jdt.internal.junit.runner.ITestReference;
 537:             1             24  com.sun.jmx.mbeanserver.ClassLoaderRepositorySupport (java.management@15-ea)
 538:             1             24  com.sun.jmx.mbeanserver.MXBeanLookup (java.management@15-ea)
 539:             1             24  com.sun.jmx.remote.util.ClassLogger (java.management@15-ea)
 540:             1             24  com.sun.management.internal.HotSpotThreadImpl (jdk.management@15-ea)
 541:             1             24  com.sun.management.internal.OperatingSystemImpl (jdk.management@15-ea)
 542:             1             24  com.sun.management.internal.PlatformMBeanProviderImpl$1 (jdk.management@15-ea)
 543:             1             24  com.sun.management.internal.PlatformMBeanProviderImpl$2 (jdk.management@15-ea)
 544:             1             24  com.sun.management.internal.PlatformMBeanProviderImpl$3 (jdk.management@15-ea)
 545:             1             24  com.sun.management.internal.PlatformMBeanProviderImpl$4 (jdk.management@15-ea)
 546:             1             24  com.sun.management.internal.PlatformMBeanProviderImpl$5 (jdk.management@15-ea)
 547:             1             24  java.io.ByteArrayOutputStream (java.base@15-ea)
 548:             1             24  java.io.InputStreamReader (java.base@15-ea)
 549:             1             24  java.lang.ClassValue$Version (java.base@15-ea)
 550:             1             24  java.lang.Double (java.base@15-ea)
 551:             1             24  java.lang.StringBuilder (java.base@15-ea)
 552:             1             24  java.lang.invoke.MethodType$ConcurrentWeakInternSet (java.base@15-ea)
 553:             1             24  java.lang.invoke.VarHandles$1 (java.base@15-ea)
 554:             1             24  java.lang.management.DefaultPlatformMBeanProvider$1 (java.management@15-ea)
 555:             1             24  java.lang.management.DefaultPlatformMBeanProvider$10 (java.management@15-ea)
 556:             1             24  java.lang.management.DefaultPlatformMBeanProvider$11 (java.management@15-ea)
 557:             1             24  java.lang.management.DefaultPlatformMBeanProvider$2 (java.management@15-ea)
 558:             1             24  java.lang.management.DefaultPlatformMBeanProvider$3 (java.management@15-ea)
 559:             1             24  java.lang.management.DefaultPlatformMBeanProvider$4 (java.management@15-ea)
 560:             1             24  java.lang.management.DefaultPlatformMBeanProvider$5 (java.management@15-ea)
 561:             1             24  java.lang.management.DefaultPlatformMBeanProvider$6 (java.management@15-ea)
 562:             1             24  java.lang.management.DefaultPlatformMBeanProvider$7 (java.management@15-ea)
 563:             1             24  java.lang.management.DefaultPlatformMBeanProvider$8 (java.management@15-ea)
 564:             1             24  java.lang.management.DefaultPlatformMBeanProvider$9 (java.management@15-ea)
 565:             1             24  java.net.Inet4Address (java.base@15-ea)
 566:             1             24  java.net.Inet6AddressImpl (java.base@15-ea)
 567:             1             24  java.net.Proxy (java.base@15-ea)
 568:             1             24  java.net.Socket$SocketInputStream (java.base@15-ea)
 569:             1             24  java.net.Socket$SocketOutputStream (java.base@15-ea)
 570:             1             24  java.util.Collections$EmptyMap (java.base@15-ea)
 571:             1             24  java.util.Collections$SynchronizedCollection (java.base@15-ea)
 572:             1             24  java.util.Date (java.base@15-ea)
 573:             1             24  java.util.Locale$Cache (java.base@15-ea)
 574:             1             24  java.util.OptionalInt (java.base@15-ea)
 575:             1             24  java.util.ResourceBundle$Control$CandidateListCache (java.base@15-ea)
 576:             1             24  java.util.concurrent.locks.ReentrantReadWriteLock (java.base@15-ea)
 577:             1             24  java.util.logging.LogManager$LoggerContext (java.logging@15-ea)
 578:             1             24  java.util.regex.Pattern$BmpCharPredicate$$Lambda$21/0x0000000800b82040 (java.base@15-ea)
 579:             1             24  java.util.zip.ZipCoder$UTF8 (java.base@15-ea)
 580:             1             24  jdk.internal.jimage.ImageReader (java.base@15-ea)
 581:             1             24  jdk.internal.logger.BootstrapLogger$RedirectedLoggers (java.base@15-ea)
 582:             1             24  jdk.internal.module.ModuleHashes (java.base@15-ea)
 583:             1             24  jdk.internal.module.SystemModuleFinders$SystemModuleFinder (java.base@15-ea)
 584:             1             24  jdk.management.jfr.StreamManager (jdk.management.jfr@15-ea)
 585:             1             24  jdk.management.jfr.internal.FlightRecorderMXBeanProvider$SingleMBeanComponent (jdk.management.jfr@15-ea)
 586:             1             24  net.bull.javamelody.JdbcWrapper
 587:             1             24  org.eclipse.jdt.internal.junit.runner.FirstRunExecutionListener
 588:             1             24  org.eclipse.jdt.internal.junit.runner.TestIdMap
 589:             1             24  org.eclipse.jdt.internal.junit4.runner.JUnit4TestReference
 590:             1             24  org.eclipse.jdt.internal.junit4.runner.JUnit4TestReference$1
 591:             1             24  org.junit.internal.runners.statements.InvokeMethod
 592:             1             24  org.junit.internal.runners.statements.RunAfters
 593:             1             24  org.junit.internal.runners.statements.RunBefores
 594:             1             24  org.junit.runner.notification.RunNotifier
 595:             1             24  org.junit.runner.notification.SynchronizedRunListener
 596:             1             24  org.junit.runners.BlockJUnit4ClassRunner$1
 597:             1             24  org.junit.runners.ParentRunner$2
 598:             1             24  org.junit.runners.ParentRunner$4
 599:             1             24  org.junit.runners.model.FrameworkMethod$1
 600:             1             24  org.junit.runners.model.TestClass
 601:             1             24  sun.management.CompilationImpl (java.management@15-ea)
 602:             1             24  sun.management.ManagementFactoryHelper$LoggingMXBeanAccess (java.management@15-ea)
 603:             1             24  sun.management.ManagementFactoryHelper$PlatformLoggingImpl (java.management@15-ea)
 604:             1             24  sun.management.MemoryImpl (java.management@15-ea)
 605:             1             24  sun.management.RuntimeImpl (java.management@15-ea)
 606:             1             24  sun.management.VMManagementImpl (java.management@15-ea)
 607:             1             24  sun.net.ProgressMonitor (java.base@15-ea)
 608:             1             24  sun.nio.cs.ISO_8859_1 (java.base@15-ea)
 609:             1             24  sun.nio.cs.MS1252 (java.base@15-ea)
 610:             1             24  sun.nio.cs.StandardCharsets (java.base@15-ea)
 611:             1             24  sun.nio.cs.US_ASCII (java.base@15-ea)
 612:             1             24  sun.nio.cs.UTF_16 (java.base@15-ea)
 613:             1             24  sun.nio.cs.UTF_16BE (java.base@15-ea)
 614:             1             24  sun.nio.cs.UTF_16LE (java.base@15-ea)
 615:             1             24  sun.nio.cs.UTF_8 (java.base@15-ea)
 616:             1             24  sun.nio.fs.WindowsFileSystem (java.base@15-ea)
 617:             1             24  sun.util.locale.BaseLocale$Cache (java.base@15-ea)
 618:             1             24  sun.util.locale.provider.DecimalFormatSymbolsProviderImpl (java.base@15-ea)
 619:             1             16  [F (java.base@15-ea)
 620:             1             16  [Ljava.lang.Throwable; (java.base@15-ea)
 621:             1             16  [Ljava.nio.file.attribute.FileAttribute; (java.base@15-ea)
 622:             1             16  [Ljava.security.CodeSigner; (java.base@15-ea)
 623:             1             16  [Ljava.security.cert.Certificate; (java.base@15-ea)
 624:             1             16  [Ljava.util.logging.Handler; (java.logging@15-ea)
 625:             1             16  com.sun.jmx.interceptor.DefaultMBeanServerInterceptor$ResourceContext$1 (java.management@15-ea)
 626:             1             16  com.sun.jmx.mbeanserver.DefaultMXBeanMappingFactory (java.management@15-ea)
 627:             1             16  com.sun.jmx.mbeanserver.DescriptorCache (java.management@15-ea)
 628:             1             16  com.sun.jmx.mbeanserver.MBeanAnalyzer$MethodOrder (java.management@15-ea)
 629:             1             16  com.sun.jmx.mbeanserver.MBeanInstantiator (java.management@15-ea)
 630:             1             16  com.sun.jmx.mbeanserver.MXBeanIntrospector (java.management@15-ea)
 631:             1             16  com.sun.jmx.mbeanserver.SecureClassLoaderRepository (java.management@15-ea)
 632:             1             16  com.sun.management.internal.HotSpotDiagnostic (jdk.management@15-ea)
 633:             1             16  com.sun.management.internal.PlatformMBeanProviderImpl (jdk.management@15-ea)
 634:             1             16  com.sun.management.internal.PlatformMBeanProviderImpl$$Lambda$45/0x0000000800bae840 (jdk.management@15-ea)
 635:             1             16  com.sun.proxy.$Proxy2
 636:             1             16  com.sun.proxy.$Proxy3
 637:             1             16  com.sun.proxy.$Proxy7
 638:             1             16  com.sun.proxy.$Proxy8
 639:             1             16  java.awt.GraphicsEnvironment$$Lambda$39/0x0000000800ba9840 (java.desktop@15-ea)
 640:             1             16  java.awt.Toolkit$3 (java.desktop@15-ea)
 641:             1             16  java.io.FileDescriptor$1 (java.base@15-ea)
 642:             1             16  java.io.FilePermission$1 (java.base@15-ea)
 643:             1             16  java.io.RandomAccessFile$2 (java.base@15-ea)
 644:             1             16  java.lang.ApplicationShutdownHooks$1 (java.base@15-ea)
 645:             1             16  java.lang.CharacterData00 (java.base@15-ea)
 646:             1             16  java.lang.CharacterDataLatin1 (java.base@15-ea)
 647:             1             16  java.lang.Class$$Lambda$34/0x0000000800ba3840 (java.base@15-ea)
 648:             1             16  java.lang.ClassValue$Identity (java.base@15-ea)
 649:             1             16  java.lang.Float (java.base@15-ea)
 650:             1             16  java.lang.Module$$Lambda$16/0x0000000800b83840 (java.base@15-ea)
 651:             1             16  java.lang.Runtime (java.base@15-ea)
 652:             1             16  java.lang.String$CaseInsensitiveComparator (java.base@15-ea)
 653:             1             16  java.lang.StringCoding$1 (java.base@15-ea)
 654:             1             16  java.lang.System$2 (java.base@15-ea)
 655:             1             16  java.lang.System$LoggerFinder$$Lambda$76/0x0000000800bbf040 (java.base@15-ea)
 656:             1             16  java.lang.Terminator$1 (java.base@15-ea)
 657:             1             16  java.lang.invoke.ClassSpecializer$1 (java.base@15-ea)
 658:             1             16  java.lang.invoke.MemberName$Factory (java.base@15-ea)
 659:             1             16  java.lang.invoke.MethodHandleImpl$1 (java.base@15-ea)
 660:             1             16  java.lang.invoke.StringConcatFactory$MethodHandleInlineCopyStrategy$1 (java.base@15-ea)
 661:             1             16  java.lang.invoke.StringConcatFactory$MethodHandleInlineCopyStrategy$2 (java.base@15-ea)
 662:             1             16  java.lang.invoke.VarHandle$1 (java.base@15-ea)
 663:             1             16  java.lang.management.DefaultPlatformMBeanProvider (java.management@15-ea)
 664:             1             16  java.lang.management.DefaultPlatformMBeanProvider$5$$Lambda$64/0x0000000800bbbc40 (java.management@15-ea)
 665:             1             16  java.lang.management.ManagementFactory$$Lambda$41/0x0000000800baf840 (java.management@15-ea)
 666:             1             16  java.lang.management.ManagementFactory$$Lambda$59/0x0000000800baac40 (java.management@15-ea)
 667:             1             16  java.lang.management.ManagementFactory$$Lambda$60/0x0000000800baa040 (java.management@15-ea)
 668:             1             16  java.lang.management.ManagementFactory$$Lambda$61/0x0000000800baa440 (java.management@15-ea)
 669:             1             16  java.lang.management.ManagementFactory$PlatformMBeanFinder$$Lambda$43/0x0000000800baf040 (java.management@15-ea)
 670:             1             16  java.lang.management.ManagementFactory$PlatformMBeanFinder$$Lambda$50/0x0000000800badc40 (java.management@15-ea)
 671:             1             16  java.lang.management.ManagementFactory$PlatformMBeanFinder$$Lambda$51/0x0000000800bad040 (java.management@15-ea)
 672:             1             16  java.lang.management.ManagementFactory$PlatformMBeanFinder$$Lambda$53/0x0000000800bacc40 (java.management@15-ea)
 673:             1             16  java.lang.management.ManagementFactory$PlatformMBeanFinder$$Lambda$57/0x0000000800bab040 (java.management@15-ea)
 674:             1             16  java.lang.management.ManagementFactory$PlatformMBeanFinder$$Lambda$58/0x0000000800bab440 (java.management@15-ea)
 675:             1             16  java.lang.module.ModuleDescriptor$1 (java.base@15-ea)
 676:             1             16  java.lang.module.ModuleDescriptor$Builder$$Lambda$15/0x0000000800b84440 (java.base@15-ea)
 677:             1             16  java.lang.ref.Cleaner (java.base@15-ea)
 678:             1             16  java.lang.ref.Cleaner$1 (java.base@15-ea)
 679:             1             16  java.lang.ref.Reference$1 (java.base@15-ea)
 680:             1             16  java.lang.reflect.Executable$$Lambda$12/0x0000000800b84840 (java.base@15-ea)
 681:             1             16  java.lang.reflect.Executable$$Lambda$7/0x0000000800b86440 (java.base@15-ea)
 682:             1             16  java.lang.reflect.Proxy$$Lambda$3/0x0000000800b87440 (java.base@15-ea)
 683:             1             16  java.lang.reflect.Proxy$ProxyBuilder$$Lambda$14/0x0000000800b84040 (java.base@15-ea)
 684:             1             16  java.lang.reflect.ProxyGenerator$$Lambda$5/0x0000000800b86c40 (java.base@15-ea)
 685:             1             16  java.lang.reflect.ProxyGenerator$$Lambda$6/0x0000000800b86040 (java.base@15-ea)
 686:             1             16  java.lang.reflect.ReflectAccess (java.base@15-ea)
 687:             1             16  java.net.InetAddress$1 (java.base@15-ea)
 688:             1             16  java.net.InetAddress$PlatformNameService (java.base@15-ea)
 689:             1             16  java.net.SocketImpl$$Lambda$1/0x0000000800b87840 (java.base@15-ea)
 690:             1             16  java.net.URI$1 (java.base@15-ea)
 691:             1             16  java.net.URL$3 (java.base@15-ea)
 692:             1             16  java.net.URL$DefaultFactory (java.base@15-ea)
 693:             1             16  java.nio.Bits$1 (java.base@15-ea)
 694:             1             16  java.nio.Buffer$1 (java.base@15-ea)
 695:             1             16  java.security.AllPermission (java.base@15-ea)
 696:             1             16  java.security.ProtectionDomain$JavaSecurityAccessImpl (java.base@15-ea)
 697:             1             16  java.text.DecimalFormatSymbols$$Lambda$29/0x0000000800ba2040 (java.base@15-ea)
 698:             1             16  java.util.Collections$EmptyEnumeration (java.base@15-ea)
 699:             1             16  java.util.Collections$EmptyIterator (java.base@15-ea)
 700:             1             16  java.util.Collections$EmptyList (java.base@15-ea)
 701:             1             16  java.util.Collections$EmptySet (java.base@15-ea)
 702:             1             16  java.util.EnumMap$1 (java.base@15-ea)
 703:             1             16  java.util.IdentityHashMap$Values (java.base@15-ea)
 704:             1             16  java.util.Locale$Builder (java.base@15-ea)
 705:             1             16  java.util.ResourceBundle$1 (java.base@15-ea)
 706:             1             16  java.util.ResourceBundle$Control (java.base@15-ea)
 707:             1             16  java.util.Spliterators$EmptySpliterator$OfDouble (java.base@15-ea)
 708:             1             16  java.util.Spliterators$EmptySpliterator$OfInt (java.base@15-ea)
 709:             1             16  java.util.Spliterators$EmptySpliterator$OfLong (java.base@15-ea)
 710:             1             16  java.util.Spliterators$EmptySpliterator$OfRef (java.base@15-ea)
 711:             1             16  java.util.concurrent.ConcurrentHashMap$EntrySetView (java.base@15-ea)
 712:             1             16  java.util.concurrent.ConcurrentSkipListSet (java.base@15-ea)
 713:             1             16  java.util.concurrent.locks.ReentrantReadWriteLock$ReadLock (java.base@15-ea)
 714:             1             16  java.util.concurrent.locks.ReentrantReadWriteLock$Sync$ThreadLocalHoldCounter (java.base@15-ea)
 715:             1             16  java.util.concurrent.locks.ReentrantReadWriteLock$WriteLock (java.base@15-ea)
 716:             1             16  java.util.function.Function$$Lambda$52/0x0000000800bad440 (java.base@15-ea)
 717:             1             16  java.util.jar.JavaUtilJarAccessImpl (java.base@15-ea)
 718:             1             16  java.util.logging.Level$$Lambda$70/0x0000000800bbd840 (java.logging@15-ea)
 719:             1             16  java.util.logging.Level$KnownLevel$$Lambda$68/0x0000000800bbd040 (java.logging@15-ea)
 720:             1             16  java.util.logging.Level$KnownLevel$$Lambda$69/0x0000000800bbd440 (java.logging@15-ea)
 721:             1             16  java.util.logging.Level$KnownLevel$$Lambda$71/0x0000000800bbdc40 (java.logging@15-ea)
 722:             1             16  java.util.logging.LogManager$LoggingProviderAccess (java.logging@15-ea)
 723:             1             16  java.util.logging.LogManager$VisitedLoggers (java.logging@15-ea)
 724:             1             16  java.util.logging.Logging (java.logging@15-ea)
 725:             1             16  java.util.regex.CharPredicates$$Lambda$19/0x0000000800b83440 (java.base@15-ea)
 726:             1             16  java.util.regex.CharPredicates$$Lambda$24/0x0000000800ba0440 (java.base@15-ea)
 727:             1             16  java.util.regex.Pattern$$Lambda$23/0x0000000800ba0040 (java.base@15-ea)
 728:             1             16  java.util.regex.Pattern$CharPredicate$$Lambda$20/0x0000000800b82c40 (java.base@15-ea)
 729:             1             16  java.util.regex.Pattern$LastNode (java.base@15-ea)
 730:             1             16  java.util.regex.Pattern$Node (java.base@15-ea)
 731:             1             16  java.util.stream.Collectors$$Lambda$10/0x0000000800b85040 (java.base@15-ea)
 732:             1             16  java.util.stream.Collectors$$Lambda$11/0x0000000800b85440 (java.base@15-ea)
 733:             1             16  java.util.stream.Collectors$$Lambda$46/0x0000000800baec40 (java.base@15-ea)
 734:             1             16  java.util.stream.Collectors$$Lambda$47/0x0000000800bae040 (java.base@15-ea)
 735:             1             16  java.util.stream.Collectors$$Lambda$48/0x0000000800bae440 (java.base@15-ea)
 736:             1             16  java.util.stream.Collectors$$Lambda$49/0x0000000800bad840 (java.base@15-ea)
 737:             1             16  java.util.stream.Collectors$$Lambda$54/0x0000000800bac040 (java.base@15-ea)
 738:             1             16  java.util.stream.Collectors$$Lambda$65/0x0000000800bbc040 (java.base@15-ea)
 739:             1             16  java.util.stream.Collectors$$Lambda$67/0x0000000800bbc840 (java.base@15-ea)
 740:             1             16  java.util.stream.Collectors$$Lambda$9/0x0000000800b85c40 (java.base@15-ea)
 741:             1             16  java.util.stream.FindOps$FindSink$OfInt$$Lambda$30/0x0000000800ba2440 (java.base@15-ea)
 742:             1             16  java.util.stream.FindOps$FindSink$OfInt$$Lambda$31/0x0000000800ba2840 (java.base@15-ea)
 743:             1             16  java.util.stream.FindOps$FindSink$OfInt$$Lambda$32/0x0000000800ba2c40 (java.base@15-ea)
 744:             1             16  java.util.stream.FindOps$FindSink$OfInt$$Lambda$33/0x0000000800ba3040 (java.base@15-ea)
 745:             1             16  java.util.stream.FindOps$FindSink$OfRef$$Lambda$72/0x0000000800bbe040 (java.base@15-ea)
 746:             1             16  java.util.stream.FindOps$FindSink$OfRef$$Lambda$73/0x0000000800bbe440 (java.base@15-ea)
 747:             1             16  java.util.stream.FindOps$FindSink$OfRef$$Lambda$74/0x0000000800bbe840 (java.base@15-ea)
 748:             1             16  java.util.stream.FindOps$FindSink$OfRef$$Lambda$75/0x0000000800bbec40 (java.base@15-ea)
 749:             1             16  java.util.zip.ZipFile$1 (java.base@15-ea)
 750:             1             16  javax.management.JMX (java.management@15-ea)
 751:             1             16  javax.management.MBeanServerBuilder (java.management@15-ea)
 752:             1             16  javax.management.NotificationBroadcasterSupport$1 (java.management@15-ea)
 753:             1             16  jdk.internal.jimage.ImageReaderFactory$1 (java.base@15-ea)
 754:             1             16  jdk.internal.jimage.ImageStringsReader (java.base@15-ea)
 755:             1             16  jdk.internal.jimage.decompressor.Decompressor (java.base@15-ea)
 756:             1             16  jdk.internal.logger.LazyLoggers$1 (java.base@15-ea)
 757:             1             16  jdk.internal.logger.LazyLoggers$LazyLoggerFactories (java.base@15-ea)
 758:             1             16  jdk.internal.misc.TerminatingThreadLocal$1 (java.base@15-ea)
 759:             1             16  jdk.internal.misc.Unsafe (java.base@15-ea)
 760:             1             16  jdk.internal.module.ModulePatcher (java.base@15-ea)
 761:             1             16  jdk.internal.module.ModuleTarget (java.base@15-ea)
 762:             1             16  jdk.internal.perf.Perf (java.base@15-ea)
 763:             1             16  jdk.internal.reflect.GeneratedConstructorAccessor1 (java.base@15-ea)
 764:             1             16  jdk.internal.reflect.GeneratedSerializationConstructorAccessor1
 765:             1             16  jdk.internal.reflect.ReflectionFactory (java.base@15-ea)
 766:             1             16  jdk.internal.util.Preconditions$1 (java.base@15-ea)
 767:             1             16  jdk.management.jfr.SettingDescriptorInfo$1 (jdk.management.jfr@15-ea)
 768:             1             16  jdk.net.ExtendedSocketOptions$PlatformSocketOptions (jdk.net@15-ea)
 769:             1             16  net.bull.javamelody.internal.model.MBeans$1
 770:             1             16  net.bull.javamelody.internal.model.MBeans$2
 771:             1             16  net.bull.javamelody.internal.model.RrdNioBackendFactory
 772:             1             16  net.bull.javamelody.internal.web.html.TestHtmlHeapHistogramReport
 773:             1             16  org.eclipse.jdt.internal.junit.runner.DefaultClassifier
 774:             1             16  org.eclipse.jdt.internal.junit4.runner.JUnit4TestListener
 775:             1             16  org.eclipse.jdt.internal.junit4.runner.JUnit4TestLoader
 776:             1             16  org.jrobin.core.RrdFileBackendFactory
 777:             1             16  org.jrobin.core.RrdMemoryBackendFactory
 778:             1             16  org.jrobin.core.RrdNioBackendFactory
 779:             1             16  org.jrobin.core.RrdSafeFileBackendFactory
 780:             1             16  org.junit.internal.MethodSorter$1
 781:             1             16  org.junit.internal.MethodSorter$2
 782:             1             16  org.junit.internal.runners.rules.RuleMemberValidator$FieldMustBeARule
 783:             1             16  org.junit.internal.runners.rules.RuleMemberValidator$FieldMustBeATestRule
 784:             1             16  org.junit.internal.runners.rules.RuleMemberValidator$MethodMustBeARule
 785:             1             16  org.junit.internal.runners.rules.RuleMemberValidator$MethodMustBeATestRule
 786:             1             16  org.junit.runner.Result$Listener
 787:             1             16  org.junit.runners.ParentRunner$1
 788:             1             16  org.junit.runners.RuleContainer$1
 789:             1             16  org.junit.runners.model.TestClass$FieldComparator
 790:             1             16  org.junit.runners.model.TestClass$MethodComparator
 791:             1             16  org.junit.validator.AnnotationValidatorFactory
 792:             1             16  org.junit.validator.AnnotationsValidator
 793:             1             16  org.junit.validator.AnnotationsValidator$ClassValidator
 794:             1             16  org.junit.validator.AnnotationsValidator$FieldValidator
 795:             1             16  org.junit.validator.AnnotationsValidator$MethodValidator
 796:             1             16  org.junit.validator.PublicClassValidator
 797:             1             16  sun.management.ClassLoadingImpl (java.management@15-ea)
 798:             1             16  sun.misc.Unsafe (jdk.unsupported@15-ea)
 799:             1             16  sun.net.DefaultProgressMeteringPolicy (java.base@15-ea)
 800:             1             16  sun.net.spi.DefaultProxySelector (java.base@15-ea)
 801:             1             16  sun.net.www.protocol.file.Handler (java.base@15-ea)
 802:             1             16  sun.net.www.protocol.jar.Handler (java.base@15-ea)
 803:             1             16  sun.net.www.protocol.jrt.Handler (java.base@15-ea)
 804:             1             16  sun.nio.ch.FileChannelImpl$1 (java.base@15-ea)
 805:             1             16  sun.nio.ch.FileChannelImpl$2 (java.base@15-ea)
 806:             1             16  sun.nio.ch.Net$1 (java.base@15-ea)
 807:             1             16  sun.nio.ch.NioSocketImpl$$Lambda$2/0x0000000800b87040 (java.base@15-ea)
 808:             1             16  sun.nio.ch.NioSocketImpl$1 (java.base@15-ea)
 809:             1             16  sun.nio.ch.NioSocketImpl$2 (java.base@15-ea)
 810:             1             16  sun.nio.ch.SocketDispatcher (java.base@15-ea)
 811:             1             16  sun.nio.ch.Util$1 (java.base@15-ea)
 812:             1             16  sun.nio.fs.NativeBuffers$1 (java.base@15-ea)
 813:             1             16  sun.nio.fs.WindowsFileSystemProvider (java.base@15-ea)
 814:             1             16  sun.reflect.generics.tree.LongSignature (java.base@15-ea)
 815:             1             16  sun.reflect.generics.tree.TypeVariableSignature (java.base@15-ea)
 816:             1             16  sun.reflect.generics.tree.VoidDescriptor (java.base@15-ea)
 817:             1             16  sun.util.calendar.Gregorian (java.base@15-ea)
 818:             1             16  sun.util.cldr.CLDRBaseLocaleDataMetaInfo (java.base@15-ea)
 819:             1             16  sun.util.locale.InternalLocaleBuilder$CaseInsensitiveChar (java.base@15-ea)
 820:             1             16  sun.util.logging.internal.LoggingProviderImpl (java.logging@15-ea)
 821:             1             16  sun.util.resources.LocaleData$LocaleDataStrategy (java.base@15-ea)
 822:             1             16  sun.util.resources.cldr.provider.CLDRLocaleDataMetaInfo (jdk.localedata@15-ea)
Total         51482        8399784
